Component: ARM Compiler 5.06 update 7 (build 960) Tool: armlink [4d3601]

==============================================================================

Section Cross References

    startup_stm32f411xe.o(STACK) refers (Special) to heapauxi.o(.text) for __use_two_region_memory
    startup_stm32f411xe.o(HEAP) refers (Special) to heapauxi.o(.text) for __use_two_region_memory
    startup_stm32f411xe.o(RESET) refers (Special) to heapauxi.o(.text) for __use_two_region_memory
    startup_stm32f411xe.o(RESET) refers to startup_stm32f411xe.o(STACK) for __initial_sp
    startup_stm32f411xe.o(RESET) refers to startup_stm32f411xe.o(.text) for Reset_Handler
    startup_stm32f411xe.o(RESET) refers to stm32f4xx_it.o(i.NMI_Handler) for NMI_Handler
    startup_stm32f411xe.o(RESET) refers to stm32f4xx_it.o(i.HardFault_Handler) for HardFault_Handler
    startup_stm32f411xe.o(RESET) refers to stm32f4xx_it.o(i.MemManage_Handler) for MemManage_Handler
    startup_stm32f411xe.o(RESET) refers to stm32f4xx_it.o(i.BusFault_Handler) for BusFault_Handler
    startup_stm32f411xe.o(RESET) refers to stm32f4xx_it.o(i.UsageFault_Handler) for UsageFault_Handler
    startup_stm32f411xe.o(RESET) refers to port.o(.emb_text) for SVC_Handler
    startup_stm32f411xe.o(RESET) refers to stm32f4xx_it.o(i.DebugMon_Handler) for DebugMon_Handler
    startup_stm32f411xe.o(RESET) refers to port.o(i.SysTick_Handler) for SysTick_Handler
    startup_stm32f411xe.o(RESET) refers to stm32f4xx_it.o(i.TIM1_UP_TIM10_IRQHandler) for TIM1_UP_TIM10_IRQHandler
    startup_stm32f411xe.o(.text) refers (Special) to heapauxi.o(.text) for __use_two_region_memory
    startup_stm32f411xe.o(.text) refers to system_stm32f4xx.o(i.SystemInit) for SystemInit
    startup_stm32f411xe.o(.text) refers to __main.o(!!!main) for __main
    startup_stm32f411xe.o(.text) refers to startup_stm32f411xe.o(HEAP) for Heap_Mem
    startup_stm32f411xe.o(.text) refers to startup_stm32f411xe.o(STACK) for Stack_Mem
    main.o(i.HAL_TIM_PeriodElapsedCallback) refers to stm32f4xx_hal.o(i.HAL_IncTick) for HAL_IncTick
    main.o(i.SystemClock_Config) refers to rt_memclr_w.o(.text) for __aeabi_memclr4
    main.o(i.SystemClock_Config) refers to stm32f4xx_hal_rcc.o(i.HAL_RCC_OscConfig) for HAL_RCC_OscConfig
    main.o(i.SystemClock_Config) refers to stm32f4xx_hal_rcc.o(i.HAL_RCC_ClockConfig) for HAL_RCC_ClockConfig
    main.o(i.main) refers to stm32f4xx_hal.o(i.HAL_Init) for HAL_Init
    main.o(i.main) refers to main.o(i.SystemClock_Config) for SystemClock_Config
    main.o(i.main) refers to gpio.o(i.MX_GPIO_Init) for MX_GPIO_Init
    main.o(i.main) refers to spi.o(i.MX_SPI1_Init) for MX_SPI1_Init
    main.o(i.main) refers to freertos.o(i.MX_FREERTOS_Init) for MX_FREERTOS_Init
    main.o(i.main) refers to cmsis_os.o(i.osKernelStart) for osKernelStart
    gpio.o(i.MX_GPIO_Init) refers to rt_memclr_w.o(.text) for __aeabi_memclr4
    gpio.o(i.MX_GPIO_Init) refers to stm32f4xx_hal_gpio.o(i.HAL_GPIO_WritePin) for HAL_GPIO_WritePin
    gpio.o(i.MX_GPIO_Init) refers to stm32f4xx_hal_gpio.o(i.HAL_GPIO_Init) for HAL_GPIO_Init
    freertos.o(i.MX_FREERTOS_Init) refers to gc9a01.o(i.TFT_init) for TFT_init
    freertos.o(i.MX_FREERTOS_Init) refers to rt_memcpy_w.o(.text) for __aeabi_memcpy4
    freertos.o(i.MX_FREERTOS_Init) refers to cmsis_os.o(i.osThreadCreate) for osThreadCreate
    freertos.o(i.MX_FREERTOS_Init) refers to tasks.o(i.xTaskCreate) for xTaskCreate
    freertos.o(i.MX_FREERTOS_Init) refers to freertos.o(.constdata) for .constdata
    freertos.o(i.MX_FREERTOS_Init) refers to freertos.o(.data) for .data
    freertos.o(i.MX_FREERTOS_Init) refers to freertos.o(i.lv_demo_task) for lv_demo_task
    freertos.o(i.MX_FREERTOS_Init) refers to freertos.o(i.led_task) for led_task
    freertos.o(i.StartDefaultTask) refers to cmsis_os.o(i.osDelay) for osDelay
    freertos.o(i.led_task) refers to stm32f4xx_hal_gpio.o(i.HAL_GPIO_TogglePin) for HAL_GPIO_TogglePin
    freertos.o(i.led_task) refers to tasks.o(i.vTaskDelay) for vTaskDelay
    freertos.o(i.lv_demo_task) refers to gc9a01.o(i.TFT_full) for TFT_full
    freertos.o(i.lv_demo_task) refers to tasks.o(i.vTaskDelay) for vTaskDelay
    freertos.o(i.lv_demo_task) refers to freertos.o(.data) for .data
    freertos.o(i.vApplicationGetIdleTaskMemory) refers to freertos.o(.bss) for .bss
    freertos.o(i.vApplicationGetTimerTaskMemory) refers to freertos.o(.bss) for .bss
    freertos.o(.constdata) refers to freertos.o(.conststring) for .conststring
    freertos.o(.constdata) refers to freertos.o(i.StartDefaultTask) for StartDefaultTask
    spi.o(i.HAL_SPI_MspDeInit) refers to stm32f4xx_hal_gpio.o(i.HAL_GPIO_DeInit) for HAL_GPIO_DeInit
    spi.o(i.HAL_SPI_MspInit) refers to rt_memclr_w.o(.text) for __aeabi_memclr4
    spi.o(i.HAL_SPI_MspInit) refers to stm32f4xx_hal_gpio.o(i.HAL_GPIO_Init) for HAL_GPIO_Init
    spi.o(i.MX_SPI1_Init) refers to stm32f4xx_hal_spi.o(i.HAL_SPI_Init) for HAL_SPI_Init
[...]
    ..\Middlewares\LVGL\GUI\lvgl\src\misc\lv_templ.c 0x00000000   Number         0  lv_templ.o ABSOLUTE
    ..\Middlewares\LVGL\GUI\lvgl\src\misc\lv_timer.c 0x00000000   Number         0  lv_timer.o ABSOLUTE
    ..\Middlewares\LVGL\GUI\lvgl\src\misc\lv_tlsf.c 0x00000000   Number         0  lv_tlsf.o ABSOLUTE
    ..\Middlewares\LVGL\GUI\lvgl\src\misc\lv_txt.c 0x00000000   Number         0  lv_txt.o ABSOLUTE
    ..\Middlewares\LVGL\GUI\lvgl\src\misc\lv_txt_ap.c 0x00000000   Number         0  lv_txt_ap.o ABSOLUTE
    ..\Middlewares\LVGL\GUI\lvgl\src\misc\lv_utils.c 0x00000000   Number         0  lv_utils.o ABSOLUTE
    ..\Middlewares\LVGL\GUI\lvgl\src\widgets\lv_arc.c 0x00000000   Number         0  lv_arc.o ABSOLUTE
    ..\Middlewares\LVGL\GUI\lvgl\src\widgets\lv_bar.c 0x00000000   Number         0  lv_bar.o ABSOLUTE
    ..\Middlewares\LVGL\GUI\lvgl\src\widgets\lv_btn.c 0x00000000   Number         0  lv_btn.o ABSOLUTE
    ..\Middlewares\LVGL\GUI\lvgl\src\widgets\lv_btnmatrix.c 0x00000000   Number         0  lv_btnmatrix.o ABSOLUTE
    ..\Middlewares\LVGL\GUI\lvgl\src\widgets\lv_canvas.c 0x00000000   Number         0  lv_canvas.o ABSOLUTE
    ..\Middlewares\LVGL\GUI\lvgl\src\widgets\lv_checkbox.c 0x00000000   Number         0  lv_checkbox.o ABSOLUTE
    ..\Middlewares\LVGL\GUI\lvgl\src\widgets\lv_dropdown.c 0x00000000   Number         0  lv_dropdown.o ABSOLUTE
    ..\Middlewares\LVGL\GUI\lvgl\src\widgets\lv_img.c 0x00000000   Number         0  lv_img.o ABSOLUTE
    ..\Middlewares\LVGL\GUI\lvgl\src\widgets\lv_label.c 0x00000000   Number         0  lv_label.o ABSOLUTE
    ..\Middlewares\LVGL\GUI\lvgl\src\widgets\lv_line.c 0x00000000   Number         0  lv_line.o ABSOLUTE
    ..\Middlewares\LVGL\GUI\lvgl\src\widgets\lv_objx_templ.c 0x00000000   Number         0  lv_objx_templ.o ABSOLUTE
    ..\Middlewares\LVGL\GUI\lvgl\src\widgets\lv_roller.c 0x00000000   Number         0  lv_roller.o ABSOLUTE
    ..\Middlewares\LVGL\GUI\lvgl\src\widgets\lv_slider.c 0x00000000   Number         0  lv_slider.o ABSOLUTE
    ..\Middlewares\LVGL\GUI\lvgl\src\widgets\lv_switch.c 0x00000000   Number         0  lv_switch.o ABSOLUTE
    ..\Middlewares\LVGL\GUI\lvgl\src\widgets\lv_table.c 0x00000000   Number         0  lv_table.o ABSOLUTE
    ..\Middlewares\LVGL\GUI\lvgl\src\widgets\lv_textarea.c 0x00000000   Number         0  lv_textarea.o ABSOLUTE
    ..\Middlewares\Third_Party\FreeRTOS\Source\CMSIS_RTOS\cmsis_os.c 0x00000000   Number         0  cmsis_os.o ABSOLUTE
    ..\Middlewares\Third_Party\FreeRTOS\Source\portable\RVDS\ARM_CM4F\port.c 0x00000000   Number         0  port.o ABSOLUTE
    ..\\Middlewares\\LVGL\\GUI\\lvgl\\examples\\porting\\lv_port_disp_template.c 0x00000000   Number         0  lv_port_disp_template.o ABSOLUTE
    ..\\device\\GC9A01\\GC9A01.c             0x00000000   Number         0  gc9a01.o ABSOLUTE
    ..\\device\\GC9A01\\GC9A01_port.c        0x00000000   Number         0  gc9a01_port.o ABSOLUTE
    ..\device\GC9A01\GC9A01.c                0x00000000   Number         0  gc9a01.o ABSOLUTE
    ..\device\GC9A01\GC9A01_port.c           0x00000000   Number         0  gc9a01_port.o ABSOLUTE
    dc.s                                     0x00000000   Number         0  dc.o ABSOLUTE
    startup_stm32f411xe.s                    0x00000000   Number         0  startup_stm32f411xe.o ABSOLUTE
    RESET                                    0x08000000   Section      408  startup_stm32f411xe.o(RESET)
    !!!main                                  0x08000198   Section        8  __main.o(!!!main)
    !!!scatter                               0x080001a0   Section       52  __scatter.o(!!!scatter)
    !!handler_copy                           0x080001d4   Section       26  __scatter_copy.o(!!handler_copy)
    !!handler_zi                             0x080001f0   Section       28  __scatter_zi.o(!!handler_zi)
    .ARM.Collect$$libinit$$00000000          0x0800020c   Section        2  libinit.o(.ARM.Collect$$libinit$$00000000)
    .ARM.Collect$$libinit$$00000001          0x0800020e   Section        4  libinit2.o(.ARM.Collect$$libinit$$00000001)
    .ARM.Collect$$libinit$$00000004          0x08000212   Section        0  libinit2.o(.ARM.Collect$$libinit$$00000004)
    .ARM.Collect$$libinit$$0000000A          0x08000212   Section        0  libinit2.o(.ARM.Collect$$libinit$$0000000A)
    .ARM.Collect$$libinit$$0000000C          0x08000212   Section        0  libinit2.o(.ARM.Collect$$libinit$$0000000C)
    .ARM.Collect$$libinit$$0000000E          0x08000212   Section        0  libinit2.o(.ARM.Collect$$libinit$$0000000E)
    .ARM.Collect$$libinit$$00000011          0x08000212   Section        0  libinit2.o(.ARM.Collect$$libinit$$00000011)
    .ARM.Collect$$libinit$$00000013          0x08000212   Section        0  libinit2.o(.ARM.Collect$$libinit$$00000013)
    .ARM.Collect$$libinit$$00000015          0x08000212   Section        0  libinit2.o(.ARM.Collect$$libinit$$00000015)
    .ARM.Collect$$libinit$$00000017          0x08000212   Section        0  libinit2.o(.ARM.Collect$$libinit$$00000017)
    .ARM.Collect$$libinit$$00000019          0x08000212   Section        0  libinit2.o(.ARM.Collect$$libinit$$00000019)
    .ARM.Collect$$libinit$$0000001B          0x08000212   Section        0  libinit2.o(.ARM.Collect$$libinit$$0000001B)
    .ARM.Collect$$libinit$$0000001D          0x08000212   Section        0  libinit2.o(.ARM.Collect$$libinit$$0000001D)
    .ARM.Collect$$libinit$$0000001F          0x08000212   Section        0  libinit2.o(.ARM.Collect$$libinit$$0000001F)
    .ARM.Collect$$libinit$$00000021          0x08000212   Section        0  libinit2.o(.ARM.Collect$$libinit$$00000021)
    .ARM.Collect$$libinit$$00000023          0x08000212   Section        0  libinit2.o(.ARM.Collect$$libinit$$00000023)
    .ARM.Collect$$libinit$$00000025          0x08000212   Section        0  libinit2.o(.ARM.Collect$$libinit$$00000025)
    .ARM.Collect$$libinit$$0000002C          0x08000212   Section        0  libinit2.o(.ARM.Collect$$libinit$$0000002C)
    .ARM.Collect$$libinit$$0000002E          0x08000212   Section        0  libinit2.o(.ARM.Collect$$libinit$$0000002E)
    .ARM.Collect$$libinit$$00000030          0x08000212   Section        0  libinit2.o(.ARM.Collect$$libinit$$00000030)
    .ARM.Collect$$libinit$$00000032          0x08000212   Section        0  libinit2.o(.ARM.Collect$$libinit$$00000032)
    .ARM.Collect$$libinit$$00000033          0x08000212   Section        2  libinit2.o(.ARM.Collect$$libinit$$00000033)
    .ARM.Collect$$libshutdown$$00000000      0x08000214   Section        2  libshutdown.o(.ARM.Collect$$libshutdown$$00000000)
    .ARM.Collect$$libshutdown$$00000002      0x08000216   Section        0  libshutdown2.o(.ARM.Collect$$libshutdown$$00000002)
    .ARM.Collect$$libshutdown$$00000004      0x08000216   Section        0  libshutdown2.o(.ARM.Collect$$libshutdown$$00000004)
    .ARM.Collect$$libshutdown$$00000006      0x08000216   Section        0  libshutdown2.o(.ARM.Collect$$libshutdown$$00000006)
    .ARM.Collect$$libshutdown$$00000009      0x08000216   Section        0  libshutdown2.o(.ARM.Collect$$libshutdown$$00000009)
    .ARM.Collect$$libshutdown$$0000000C      0x08000216   Section        0  libshutdown2.o(.ARM.Collect$$libshutdown$$0000000C)
    .ARM.Collect$$libshutdown$$0000000E      0x08000216   Section        0  libshutdown2.o(.ARM.Collect$$libshutdown$$0000000E)
    .ARM.Collect$$libshutdown$$00000011      0x08000216   Section        0  libshutdown2.o(.ARM.Collect$$libshutdown$$00000011)
    .ARM.Collect$$libshutdown$$00000012      0x08000216   Section        2  libshutdown2.o(.ARM.Collect$$libshutdown$$00000012)
    .ARM.Collect$$rtentry$$00000000          0x08000218   Section        0  __rtentry.o(.ARM.Collect$$rtentry$$00000000)
    .ARM.Collect$$rtentry$$00000002          0x08000218   Section        0  __rtentry2.o(.ARM.Collect$$rtentry$$00000002)
    .ARM.Collect$$rtentry$$00000004          0x08000218   Section        6  __rtentry4.o(.ARM.Collect$$rtentry$$00000004)
    .ARM.Collect$$rtentry$$00000009          0x0800021e   Section        0  __rtentry2.o(.ARM.Collect$$rtentry$$00000009)
    .ARM.Collect$$rtentry$$0000000A          0x0800021e   Section        4  __rtentry2.o(.ARM.Collect$$rtentry$$0000000A)
    .ARM.Collect$$rtentry$$0000000C          0x08000222   Section        0  __rtentry2.o(.ARM.Collect$$rtentry$$0000000C)
    .ARM.Collect$$rtentry$$0000000D          0x08000222   Section        8  __rtentry2.o(.ARM.Collect$$rtentry$$0000000D)
    .ARM.Collect$$rtexit$$00000000           0x0800022a   Section        2  rtexit.o(.ARM.Collect$$rtexit$$00000000)
    .ARM.Collect$$rtexit$$00000002           0x0800022c   Section        0  rtexit2.o(.ARM.Collect$$rtexit$$00000002)
    .ARM.Collect$$rtexit$$00000003           0x0800022c   Section        4  rtexit2.o(.ARM.Collect$$rtexit$$00000003)
    .ARM.Collect$$rtexit$$00000004           0x08000230   Section        6  rtexit2.o(.ARM.Collect$$rtexit$$00000004)
    .emb_text                                0x08000238   Section      190  port.o(.emb_text)
    $v0                                      0x08000238   Number         0  port.o(.emb_text)
    .text                                    0x080002f8   Section       64  startup_stm32f411xe.o(.text)
    $v0                                      0x080002f8   Number         0  startup_stm32f411xe.o(.text)
    .text                                    0x08000338   Section      238  lludivv7m.o(.text)
    .text                                    0x08000426   Section      138  rt_memcpy_v6.o(.text)
    .text                                    0x080004b0   Section      100  rt_memcpy_w.o(.text)
    .text                                    0x08000514   Section       78  rt_memclr_w.o(.text)
    .text                                    0x08000562   Section        0  heapauxi.o(.text)
    .text                                    0x08000568   Section        0  sys_exit.o(.text)
    .text                                    0x08000574   Section        2  use_no_semi.o(.text)
    .text                                    0x08000576   Section       74  sys_stackheap_outer.o(.text)
    .text                                    0x08000576   Section        0  indicate_semi.o(.text)
    .text                                    0x080005c0   Section        0  exit.o(.text)
    .text                                    0x080005d4   Section        8  libspace.o(.text)
    i.Add_set                                0x080005dc   Section        0  gc9a01.o(i.Add_set)
    i.BusFault_Handler                       0x0800062e   Section        0  stm32f4xx_it.o(i.BusFault_Handler)
    i.DebugMon_Handler                       0x08000630   Section        0  stm32f4xx_it.o(i.DebugMon_Handler)
    i.Error_Handler                          0x08000632   Section        0  main.o(i.Error_Handler)
    i.HAL_Delay                              0x08000638   Section        0  stm32f4xx_hal.o(i.HAL_Delay)
    i.HAL_GPIO_Init                          0x0800065c   Section        0  stm32f4xx_hal_gpio.o(i.HAL_GPIO_Init)
    i.HAL_GPIO_TogglePin                     0x0800083c   Section        0  stm32f4xx_hal_gpio.o(i.HAL_GPIO_TogglePin)
    i.HAL_GPIO_WritePin                      0x0800084c   Section        0  stm32f4xx_hal_gpio.o(i.HAL_GPIO_WritePin)
    i.HAL_GetTick                            0x08000858   Section        0  stm32f4xx_hal.o(i.HAL_GetTick)
    i.HAL_IncTick                            0x08000864   Section        0  stm32f4xx_hal.o(i.HAL_IncTick)
    i.HAL_Init                               0x08000874   Section        0  stm32f4xx_hal.o(i.HAL_Init)
    i.HAL_InitTick                           0x080008a8   Section        0  stm32f4xx_hal_timebase_tim.o(i.HAL_InitTick)
    i.HAL_MspInit                            0x08000934   Section        0  stm32f4xx_hal_msp.o(i.HAL_MspInit)
    i.HAL_NVIC_EnableIRQ                     0x0800096c   Section        0  stm32f4xx_hal_cortex.o(i.HAL_NVIC_EnableIRQ)
    i.HAL_NVIC_SetPriority                   0x08000988   Section        0  stm32f4xx_hal_cortex.o(i.HAL_NVIC_SetPriority)
    i.HAL_NVIC_SetPriorityGrouping           0x080009c8   Section        0  stm32f4xx_hal_cortex.o(i.HAL_NVIC_SetPriorityGrouping)
    i.HAL_RCC_ClockConfig                    0x080009ec   Section        0  stm32f4xx_hal_rcc.o(i.HAL_RCC_ClockConfig)
    i.HAL_RCC_GetClockConfig                 0x08000b20   Section        0  stm32f4xx_hal_rcc.o(i.HAL_RCC_GetClockConfig)
    i.HAL_RCC_GetPCLK2Freq                   0x08000b60   Section        0  stm32f4xx_hal_rcc.o(i.HAL_RCC_GetPCLK2Freq)
    i.HAL_RCC_GetSysClockFreq                0x08000b80   Section        0  stm32f4xx_hal_rcc.o(i.HAL_RCC_GetSysClockFreq)
    i.HAL_RCC_OscConfig                      0x08000be4   Section        0  stm32f4xx_hal_rcc.o(i.HAL_RCC_OscConfig)
    i.HAL_SPI_Init                           0x08000f50   Section        0  stm32f4xx_hal_spi.o(i.HAL_SPI_Init)
    i.HAL_SPI_MspInit                        0x0800100c   Section        0  spi.o(i.HAL_SPI_MspInit)
    i.HAL_SPI_Transmit                       0x08001074   Section        0  stm32f4xx_hal_spi.o(i.HAL_SPI_Transmit)
    i.HAL_TIMEx_BreakCallback                0x080011da   Section        0  stm32f4xx_hal_tim_ex.o(i.HAL_TIMEx_BreakCallback)
    i.HAL_TIMEx_CommutCallback               0x080011dc   Section        0  stm32f4xx_hal_tim_ex.o(i.HAL_TIMEx_CommutCallback)
    i.HAL_TIM_Base_Init                      0x080011de   Section        0  stm32f4xx_hal_tim.o(i.HAL_TIM_Base_Init)
    i.HAL_TIM_Base_MspInit                   0x08001238   Section        0  stm32f4xx_hal_tim.o(i.HAL_TIM_Base_MspInit)
    i.HAL_TIM_Base_Start_IT                  0x0800123c   Section        0  stm32f4xx_hal_tim.o(i.HAL_TIM_Base_Start_IT)
    i.HAL_TIM_IC_CaptureCallback             0x080012a8   Section        0  stm32f4xx_hal_tim.o(i.HAL_TIM_IC_CaptureCallback)
    i.HAL_TIM_IRQHandler                     0x080012aa   Section        0  stm32f4xx_hal_tim.o(i.HAL_TIM_IRQHandler)
    i.HAL_TIM_OC_DelayElapsedCallback        0x080013da   Section        0  stm32f4xx_hal_tim.o(i.HAL_TIM_OC_DelayElapsedCallback)
    i.HAL_TIM_PWM_PulseFinishedCallback      0x080013dc   Section        0  stm32f4xx_hal_tim.o(i.HAL_TIM_PWM_PulseFinishedCallback)
    i.HAL_TIM_PeriodElapsedCallback          0x080013e0   Section        0  main.o(i.HAL_TIM_PeriodElapsedCallback)
    i.HAL_TIM_TriggerCallback                0x080013f4   Section        0  stm32f4xx_hal_tim.o(i.HAL_TIM_TriggerCallback)
    i.HardFault_Handler                      0x080013f6   Section        0  stm32f4xx_it.o(i.HardFault_Handler)
    i.MX_FREERTOS_Init                       0x080013f8   Section        0  freertos.o(i.MX_FREERTOS_Init)
    i.MX_GPIO_Init                           0x08001474   Section        0  gpio.o(i.MX_GPIO_Init)
    i.MX_SPI1_Init                           0x08001504   Section        0  spi.o(i.MX_SPI1_Init)
    i.MemManage_Handler                      0x0800154c   Section        0  stm32f4xx_it.o(i.MemManage_Handler)
    i.NMI_Handler                            0x0800154e   Section        0  stm32f4xx_it.o(i.NMI_Handler)
    i.SPI_EndRxTxTransaction                 0x08001550   Section        0  stm32f4xx_hal_spi.o(i.SPI_EndRxTxTransaction)
    SPI_EndRxTxTransaction                   0x08001551   Thumb Code    98  stm32f4xx_hal_spi.o(i.SPI_EndRxTxTransaction)
    i.SPI_SendByte                           0x080015bc   Section        0  gc9a01_port.o(i.SPI_SendByte)
    i.SPI_WaitFlagStateUntilTimeout          0x080015ec   Section        0  stm32f4xx_hal_spi.o(i.SPI_WaitFlagStateUntilTimeout)
    SPI_WaitFlagStateUntilTimeout            0x080015ed   Thumb Code   182  stm32f4xx_hal_spi.o(i.SPI_WaitFlagStateUntilTimeout)
    i.StartDefaultTask                       0x080016a8   Section        0  freertos.o(i.StartDefaultTask)
    i.SysTick_Handler                        0x080016b0   Section        0  port.o(i.SysTick_Handler)
    i.SystemClock_Config                     0x080016dc   Section        0  main.o(i.SystemClock_Config)
    i.SystemInit                             0x0800176c   Section        0  system_stm32f4xx.o(i.SystemInit)
    i.TFT_full                               0x0800177c   Section        0  gc9a01.o(i.TFT_full)
    i.TFT_init                               0x080017b8   Section        0  gc9a01.o(i.TFT_init)
    i.TFT_send_cmd                           0x08001c50   Section        0  gc9a01_port.o(i.TFT_send_cmd)
    i.TFT_send_data                          0x08001c78   Section        0  gc9a01_port.o(i.TFT_send_data)
    i.TIM1_UP_TIM10_IRQHandler               0x08001c7c   Section        0  stm32f4xx_it.o(i.TIM1_UP_TIM10_IRQHandler)
    i.TIM_Base_SetConfig                     0x08001c88   Section        0  stm32f4xx_hal_tim.o(i.TIM_Base_SetConfig)
    i.UsageFault_Handler                     0x08001d28   Section        0  stm32f4xx_it.o(i.UsageFault_Handler)
    i.__NVIC_SetPriority                     0x08001d2a   Section        0  stm32f4xx_hal_cortex.o(i.__NVIC_SetPriority)
    __NVIC_SetPriority                       0x08001d2b   Thumb Code    32  stm32f4xx_hal_cortex.o(i.__NVIC_SetPriority)
    i.led_task                               0x08001d4c   Section        0  freertos.o(i.led_task)
    i.lv_demo_task                           0x08001d6c   Section        0  freertos.o(i.lv_demo_task)
    i.main                                   0x08001dc4   Section        0  main.o(i.main)
    i.makeFreeRtosPriority                   0x08001dde   Section        0  cmsis_os.o(i.makeFreeRtosPriority)
    makeFreeRtosPriority                     0x08001ddf   Thumb Code    12  cmsis_os.o(i.makeFreeRtosPriority)
    i.osDelay                                0x08001dea   Section        0  cmsis_os.o(i.osDelay)
    i.osKernelStart                          0x08001df8   Section        0  cmsis_os.o(i.osKernelStart)
    i.osThreadCreate                         0x08001e02   Section        0  cmsis_os.o(i.osThreadCreate)
    i.prvAddCurrentTaskToDelayedList         0x08001e58   Section        0  tasks.o(i.prvAddCurrentTaskToDelayedList)
    prvAddCurrentTaskToDelayedList           0x08001e59   Thumb Code   102  tasks.o(i.prvAddCurrentTaskToDelayedList)
    i.prvAddNewTaskToReadyList               0x08001ec8   Section        0  tasks.o(i.prvAddNewTaskToReadyList)
    prvAddNewTaskToReadyList                 0x08001ec9   Thumb Code   194  tasks.o(i.prvAddNewTaskToReadyList)
    i.prvCheckForValidListAndQueue           0x08001f98   Section        0  timers.o(i.prvCheckForValidListAndQueue)
    prvCheckForValidListAndQueue             0x08001f99   Thumb Code    72  timers.o(i.prvCheckForValidListAndQueue)
    i.prvCopyDataFromQueue                   0x08001ff0   Section        0  queue.o(i.prvCopyDataFromQueue)
    prvCopyDataFromQueue                     0x08001ff1   Thumb Code    38  queue.o(i.prvCopyDataFromQueue)
    i.prvCopyDataToQueue                     0x08002016   Section        0  queue.o(i.prvCopyDataToQueue)
    prvCopyDataToQueue                       0x08002017   Thumb Code   108  queue.o(i.prvCopyDataToQueue)
    i.prvDeleteTCB                           0x08002082   Section        0  tasks.o(i.prvDeleteTCB)
    prvDeleteTCB                             0x08002083   Thumb Code    52  tasks.o(i.prvDeleteTCB)
    i.prvHeapInit                            0x080020b8   Section        0  heap_4.o(i.prvHeapInit)
    prvHeapInit                              0x080020b9   Thumb Code    66  heap_4.o(i.prvHeapInit)
    i.prvIdleTask                            0x08002104   Section        0  tasks.o(i.prvIdleTask)
    prvIdleTask                              0x08002105   Thumb Code    82  tasks.o(i.prvIdleTask)
    i.prvInitialiseNewQueue                  0x08002164   Section        0  queue.o(i.prvInitialiseNewQueue)
    prvInitialiseNewQueue                    0x08002165   Thumb Code    22  queue.o(i.prvInitialiseNewQueue)
    i.prvInitialiseNewTask                   0x0800217a   Section        0  tasks.o(i.prvInitialiseNewTask)
    prvInitialiseNewTask                     0x0800217b   Thumb Code   152  tasks.o(i.prvInitialiseNewTask)
    i.prvInsertBlockIntoFreeList             0x08002214   Section        0  heap_4.o(i.prvInsertBlockIntoFreeList)
    prvInsertBlockIntoFreeList               0x08002215   Thumb Code    72  heap_4.o(i.prvInsertBlockIntoFreeList)
    i.prvInsertTimerInActiveList             0x08002260   Section        0  timers.o(i.prvInsertTimerInActiveList)
    prvInsertTimerInActiveList               0x08002261   Thumb Code    52  timers.o(i.prvInsertTimerInActiveList)
    i.prvIsQueueEmpty                        0x08002298   Section        0  queue.o(i.prvIsQueueEmpty)
    prvIsQueueEmpty                          0x08002299   Thumb Code    28  queue.o(i.prvIsQueueEmpty)
    i.prvProcessReceivedCommands             0x080022b4   Section        0  timers.o(i.prvProcessReceivedCommands)
    prvProcessReceivedCommands               0x080022b5   Thumb Code   234  timers.o(i.prvProcessReceivedCommands)
    i.prvProcessTimerOrBlockTask             0x080023a4   Section        0  timers.o(i.prvProcessTimerOrBlockTask)
    prvProcessTimerOrBlockTask               0x080023a5   Thumb Code   182  timers.o(i.prvProcessTimerOrBlockTask)
    i.prvResetNextTaskUnblockTime            0x08002464   Section        0  tasks.o(i.prvResetNextTaskUnblockTime)
    prvResetNextTaskUnblockTime              0x08002465   Thumb Code    26  tasks.o(i.prvResetNextTaskUnblockTime)
    i.prvSampleTimeNow                       0x08002484   Section        0  timers.o(i.prvSampleTimeNow)
    prvSampleTimeNow                         0x08002485   Thumb Code    36  timers.o(i.prvSampleTimeNow)
    i.prvSwitchTimerLists                    0x080024ac   Section        0  timers.o(i.prvSwitchTimerLists)
    prvSwitchTimerLists                      0x080024ad   Thumb Code   104  timers.o(i.prvSwitchTimerLists)
    i.prvTaskExitError                       0x08002518   Section        0  port.o(i.prvTaskExitError)
    prvTaskExitError                         0x08002519   Thumb Code    36  port.o(i.prvTaskExitError)
    i.prvTimerTask                           0x08002540   Section        0  timers.o(i.prvTimerTask)
    prvTimerTask                             0x08002541   Thumb Code    32  timers.o(i.prvTimerTask)
    i.prvUnlockQueue                         0x08002564   Section        0  queue.o(i.prvUnlockQueue)
    prvUnlockQueue                           0x08002565   Thumb Code   106  queue.o(i.prvUnlockQueue)
    i.pvPortMalloc                           0x080025d0   Section        0  heap_4.o(i.pvPortMalloc)
    i.pxPortInitialiseStack                  0x080026ac   Section        0  port.o(i.pxPortInitialiseStack)
    i.uxListRemove                           0x080026d8   Section        0  list.o(i.uxListRemove)
    i.vApplicationGetIdleTaskMemory          0x08002700   Section        0  freertos.o(i.vApplicationGetIdleTaskMemory)
    i.vApplicationGetTimerTaskMemory         0x08002714   Section        0  freertos.o(i.vApplicationGetTimerTaskMemory)
    i.vListInitialise                        0x0800272c   Section        0  list.o(i.vListInitialise)
    i.vListInitialiseItem                    0x08002742   Section        0  list.o(i.vListInitialiseItem)
    i.vListInsert                            0x08002748   Section        0  list.o(i.vListInsert)
    i.vListInsertEnd                         0x08002778   Section        0  list.o(i.vListInsertEnd)
    i.vPortEnterCritical                     0x08002790   Section        0  port.o(i.vPortEnterCritical)
    i.vPortExitCritical                      0x080027d0   Section        0  port.o(i.vPortExitCritical)
    i.vPortFree                              0x080027f8   Section        0  heap_4.o(i.vPortFree)
    i.vPortSetupTimerInterrupt               0x0800285c   Section        0  port.o(i.vPortSetupTimerInterrupt)
    i.vPortValidateInterruptPriority         0x08002880   Section        0  port.o(i.vPortValidateInterruptPriority)
    i.vQueueAddToRegistry                    0x080028d4   Section        0  queue.o(i.vQueueAddToRegistry)
    i.vQueueWaitForMessageRestricted         0x080028fc   Section        0  queue.o(i.vQueueWaitForMessageRestricted)
    i.vTaskDelay                             0x08002940   Section        0  tasks.o(i.vTaskDelay)
    i.vTaskInternalSetTimeOutState           0x0800298c   Section        0  tasks.o(i.vTaskInternalSetTimeOutState)
    i.vTaskMissedYield                       0x0800299c   Section        0  tasks.o(i.vTaskMissedYield)
    i.vTaskPlaceOnEventList                  0x080029a8   Section        0  tasks.o(i.vTaskPlaceOnEventList)
    i.vTaskPlaceOnEventListRestricted        0x080029d8   Section        0  tasks.o(i.vTaskPlaceOnEventListRestricted)
    i.vTaskStartScheduler                    0x08002a10   Section        0  tasks.o(i.vTaskStartScheduler)
    i.vTaskSuspendAll                        0x08002a98   Section        0  tasks.o(i.vTaskSuspendAll)
    i.vTaskSwitchContext                     0x08002aa8   Section        0  tasks.o(i.vTaskSwitchContext)
    i.xPortStartScheduler                    0x08002b04   Section        0  port.o(i.xPortStartScheduler)
    i.xQueueGenericCreateStatic              0x08002bf8   Section        0  queue.o(i.xQueueGenericCreateStatic)
    i.xQueueGenericReset                     0x08002c60   Section        0  queue.o(i.xQueueGenericReset)
    i.xQueueGenericSend                      0x08002ce8   Section        0  queue.o(i.xQueueGenericSend)
    i.xQueueGenericSendFromISR               0x08002e48   Section        0  queue.o(i.xQueueGenericSendFromISR)
    i.xQueueReceive                          0x08002f08   Section        0  queue.o(i.xQueueReceive)
    i.xTaskCheckForTimeOut                   0x08003040   Section        0  tasks.o(i.xTaskCheckForTimeOut)
    i.xTaskCreate                            0x080030b4   Section        0  tasks.o(i.xTaskCreate)
    i.xTaskCreateStatic                      0x0800310e   Section        0  tasks.o(i.xTaskCreateStatic)
    i.xTaskGetSchedulerState                 0x08003164   Section        0  tasks.o(i.xTaskGetSchedulerState)
    i.xTaskGetTickCount                      0x08003180   Section        0  tasks.o(i.xTaskGetTickCount)
    i.xTaskIncrementTick                     0x0800318c   Section        0  tasks.o(i.xTaskIncrementTick)
    i.xTaskPriorityDisinherit                0x08003258   Section        0  tasks.o(i.xTaskPriorityDisinherit)
    i.xTaskRemoveFromEventList               0x080032f0   Section        0  tasks.o(i.xTaskRemoveFromEventList)
    i.xTaskResumeAll                         0x08003364   Section        0  tasks.o(i.xTaskResumeAll)
    i.xTimerCreateTimerTask                  0x08003428   Section        0  timers.o(i.xTimerCreateTimerTask)
    i.xTimerGenericCommand                   0x08003488   Section        0  timers.o(i.xTimerGenericCommand)
    x$fpl$fpinit                             0x080034e8   Section       10  fpinit.o(x$fpl$fpinit)
    $v0                                      0x080034e8   Number         0  fpinit.o(x$fpl$fpinit)
    .constdata                               0x080034f4   Section       28  freertos.o(.constdata)
    .constdata                               0x08003510   Section       16  system_stm32f4xx.o(.constdata)
    .constdata                               0x08003520   Section        8  system_stm32f4xx.o(.constdata)
    .conststring                             0x08003528   Section       12  freertos.o(.conststring)
    .data                                    0x20000000   Section       16  freertos.o(.data)
    .data                                    0x20000010   Section       12  stm32f4xx_hal.o(.data)
    .data                                    0x2000001c   Section        4  system_stm32f4xx.o(.data)
    .data                                    0x20000020   Section       60  tasks.o(.data)
    uxDeletedTasksWaitingCleanUp             0x20000024   Data           4  tasks.o(.data)
    uxCurrentNumberOfTasks                   0x20000028   Data           4  tasks.o(.data)
    xTickCount                               0x2000002c   Data           4  tasks.o(.data)
    uxTopReadyPriority                       0x20000030   Data           4  tasks.o(.data)
    xSchedulerRunning                        0x20000034   Data           4  tasks.o(.data)
    xPendedTicks                             0x20000038   Data           4  tasks.o(.data)
    xYieldPending                            0x2000003c   Data           4  tasks.o(.data)
    xNumOfOverflows                          0x20000040   Data           4  tasks.o(.data)
    uxTaskNumber                             0x20000044   Data           4  tasks.o(.data)
    xNextTaskUnblockTime                     0x20000048   Data           4  tasks.o(.data)
    xIdleTaskHandle                          0x2000004c   Data           4  tasks.o(.data)
    uxSchedulerSuspended                     0x20000050   Data           4  tasks.o(.data)
    pxDelayedTaskList                        0x20000054   Data           4  tasks.o(.data)
    pxOverflowDelayedTaskList                0x20000058   Data           4  tasks.o(.data)
    .data                                    0x2000005c   Section       20  timers.o(.data)
    xTimerQueue                              0x2000005c   Data           4  timers.o(.data)
    xTimerTaskHandle                         0x20000060   Data           4  timers.o(.data)
    xLastTime                                0x20000064   Data           4  timers.o(.data)
    pxCurrentTimerList                       0x20000068   Data           4  timers.o(.data)
    pxOverflowTimerList                      0x2000006c   Data           4  timers.o(.data)
    .data                                    0x20000070   Section       32  heap_4.o(.data)
    pxEnd                                    0x20000070   Data           4  heap_4.o(.data)
    xFreeBytesRemaining                      0x20000074   Data           4  heap_4.o(.data)
    xMinimumEverFreeBytesRemaining           0x20000078   Data           4  heap_4.o(.data)
    xNumberOfSuccessfulAllocations           0x2000007c   Data           4  heap_4.o(.data)
    xNumberOfSuccessfulFrees                 0x20000080   Data           4  heap_4.o(.data)
    xBlockAllocatedBit                       0x20000084   Data           4  heap_4.o(.data)
    xStart                                   0x20000088   Data           8  heap_4.o(.data)
    .data                                    0x20000090   Section       12  port.o(.data)
    ucMaxSysCallPriority                     0x20000090   Data           1  port.o(.data)
    uxCriticalNesting                        0x20000094   Data           4  port.o(.data)
    ulMaxPRIGROUPValue                       0x20000098   Data           4  port.o(.data)
    .bss                                     0x2000009c   Section     1704  freertos.o(.bss)
    xIdleTaskTCBBuffer                       0x2000009c   Data          84  freertos.o(.bss)
    xIdleStack                               0x200000f0   Data         512  freertos.o(.bss)
    xTimerTaskTCBBuffer                      0x200002f0   Data          84  freertos.o(.bss)
    xTimerStack                              0x20000344   Data        1024  freertos.o(.bss)
    .bss                                     0x20000744   Section       88  spi.o(.bss)
    .bss                                     0x2000079c   Section       72  stm32f4xx_hal_timebase_tim.o(.bss)
    .bss                                     0x200007e4   Section       64  queue.o(.bss)
    .bss                                     0x20000824   Section      240  tasks.o(.bss)
    pxReadyTasksLists                        0x20000824   Data         140  tasks.o(.bss)
    xDelayedTaskList1                        0x200008b0   Data          20  tasks.o(.bss)
    xDelayedTaskList2                        0x200008c4   Data          20  tasks.o(.bss)
    xPendingReadyList                        0x200008d8   Data          20  tasks.o(.bss)
    xTasksWaitingTermination                 0x200008ec   Data          20  tasks.o(.bss)
    xSuspendedTaskList                       0x20000900   Data          20  tasks.o(.bss)
    .bss                                     0x20000914   Section      232  timers.o(.bss)
    xStaticTimerQueue                        0x20000914   Data          72  timers.o(.bss)
    ucStaticTimerQueueStorage                0x2000095c   Data         120  timers.o(.bss)
    xActiveTimerList1                        0x200009d4   Data          20  timers.o(.bss)
    xActiveTimerList2                        0x200009e8   Data          20  timers.o(.bss)
    .bss                                     0x200009fc   Section    15360  heap_4.o(.bss)
    ucHeap                                   0x200009fc   Data       15360  heap_4.o(.bss)
    .bss                                     0x200045fc   Section       96  libspace.o(.bss)
    HEAP                                     0x20004660   Section      512  startup_stm32f411xe.o(HEAP)
    Heap_Mem                                 0x20004660   Data         512  startup_stm32f411xe.o(HEAP)
    STACK                                    0x20004860   Section     1024  startup_stm32f411xe.o(STACK)
    Stack_Mem                                0x20004860   Data        1024  startup_stm32f411xe.o(STACK)
    __initial_sp                             0x20004c60   Data           0  startup_stm32f411xe.o(STACK)

    Global Symbols

    Symbol Name                              Value     Ov Type        Size  Object(Section)

    BuildAttributes$$THM_ISAv4$E$P$D$K$B$S$7EM$VFPi3$EXTD16$VFPS$VFMA$PE$A:L22UL41UL21$X:L11$S22US41US21$IEEE1$IW$USESV6$~STKCKD$USESV7$~SHL$OSPACE$ROPI$EBA8$UX$STANDARDLIB$REQ8$PRES8$EABIv2 0x00000000   Number         0  anon$$obj.o ABSOLUTE
    __ARM_use_no_argv                        0x00000000   Number         0  main.o ABSOLUTE
    __ARM_exceptions_init                     - Undefined Weak Reference
    __alloca_initialize                       - Undefined Weak Reference
    __arm_fini_                               - Undefined Weak Reference
    __arm_preinit_                            - Undefined Weak Reference
    __cpp_initialize__aeabi_                  - Undefined Weak Reference
    __cxa_finalize                            - Undefined Weak Reference
    __rt_locale                               - Undefined Weak Reference
    __sigvec_lookup                           - Undefined Weak Reference
    _atexit_init                              - Undefined Weak Reference
    _call_atexit_fns                          - Undefined Weak Reference
    _clock_init                               - Undefined Weak Reference
    _fp_trap_init                             - Undefined Weak Reference
    _fp_trap_shutdown                         - Undefined Weak Reference
    _get_lc_collate                           - Undefined Weak Reference
    _get_lc_ctype                             - Undefined Weak Reference
    _get_lc_monetary                          - Undefined Weak Reference
    _get_lc_numeric                           - Undefined Weak Reference
    _get_lc_time                              - Undefined Weak Reference
    _getenv_init                              - Undefined Weak Reference
    _handle_redirection                       - Undefined Weak Reference
    _init_alloc                               - Undefined Weak Reference
    _init_user_alloc                          - Undefined Weak Reference
    _initio                                   - Undefined Weak Reference
    _rand_init                                - Undefined Weak Reference
    _signal_finish                            - Undefined Weak Reference
    _signal_init                              - Undefined Weak Reference
    _terminate_alloc                          - Undefined Weak Reference
    _terminate_user_alloc                     - Undefined Weak Reference
    _terminateio                              - Undefined Weak Reference
    __Vectors_Size                           0x00000198   Number         0  startup_stm32f411xe.o ABSOLUTE
    __Vectors                                0x08000000   Data           4  startup_stm32f411xe.o(RESET)
    __Vectors_End                            0x08000198   Data           0  startup_stm32f411xe.o(RESET)
    __main                                   0x08000199   Thumb Code     8  __main.o(!!!main)
    __scatterload                            0x080001a1   Thumb Code     0  __scatter.o(!!!scatter)
    __scatterload_rt2                        0x080001a1   Thumb Code    44  __scatter.o(!!!scatter)
    __scatterload_rt2_thumb_only             0x080001a1   Thumb Code     0  __scatter.o(!!!scatter)
    __scatterload_null                       0x080001af   Thumb Code     0  __scatter.o(!!!scatter)
    __scatterload_copy                       0x080001d5   Thumb Code    26  __scatter_copy.o(!!handler_copy)
    __scatterload_zeroinit                   0x080001f1   Thumb Code    28  __scatter_zi.o(!!handler_zi)
    __rt_lib_init                            0x0800020d   Thumb Code     0  libinit.o(.ARM.Collect$$libinit$$00000000)
    __rt_lib_init_fp_1                       0x0800020f   Thumb Code     0  libinit2.o(.ARM.Collect$$libinit$$00000001)
    __rt_lib_init_alloca_1                   0x08000213   Thumb Code     0  libinit2.o(.ARM.Collect$$libinit$$0000002E)
    __rt_lib_init_argv_1                     0x08000213   Thumb Code     0  libinit2.o(.ARM.Collect$$libinit$$0000002C)
    __rt_lib_init_atexit_1                   0x08000213   Thumb Code     0  libinit2.o(.ARM.Collect$$libinit$$0000001B)
    __rt_lib_init_clock_1                    0x08000213   Thumb Code     0  libinit2.o(.ARM.Collect$$libinit$$00000021)
    __rt_lib_init_cpp_1                      0x08000213   Thumb Code     0  libinit2.o(.ARM.Collect$$libinit$$00000032)
    __rt_lib_init_exceptions_1               0x08000213   Thumb Code     0  libinit2.o(.ARM.Collect$$libinit$$00000030)
    __rt_lib_init_fp_trap_1                  0x08000213   Thumb Code     0  libinit2.o(.ARM.Collect$$libinit$$0000001F)
    __rt_lib_init_getenv_1                   0x08000213   Thumb Code     0  libinit2.o(.ARM.Collect$$libinit$$00000023)
    __rt_lib_init_heap_1                     0x08000213   Thumb Code     0  libinit2.o(.ARM.Collect$$libinit$$0000000A)
    __rt_lib_init_lc_collate_1               0x08000213   Thumb Code     0  libinit2.o(.ARM.Collect$$libinit$$00000011)
    __rt_lib_init_lc_ctype_1                 0x08000213   Thumb Code     0  libinit2.o(.ARM.Collect$$libinit$$00000013)
    __rt_lib_init_lc_monetary_1              0x08000213   Thumb Code     0  libinit2.o(.ARM.Collect$$libinit$$00000015)
    __rt_lib_init_lc_numeric_1               0x08000213   Thumb Code     0  libinit2.o(.ARM.Collect$$libinit$$00000017)
    __rt_lib_init_lc_time_1                  0x08000213   Thumb Code     0  libinit2.o(.ARM.Collect$$libinit$$00000019)
    __rt_lib_init_preinit_1                  0x08000213   Thumb Code     0  libinit2.o(.ARM.Collect$$libinit$$00000004)
    __rt_lib_init_rand_1                     0x08000213   Thumb Code     0  libinit2.o(.ARM.Collect$$libinit$$0000000E)
    __rt_lib_init_return                     0x08000213   Thumb Code     0  libinit2.o(.ARM.Collect$$libinit$$00000033)
    __rt_lib_init_signal_1                   0x08000213   Thumb Code     0  libinit2.o(.ARM.Collect$$libinit$$0000001D)
    __rt_lib_init_stdio_1                    0x08000213   Thumb Code     0  libinit2.o(.ARM.Collect$$libinit$$00000025)
    __rt_lib_init_user_alloc_1               0x08000213   Thumb Code     0  libinit2.o(.ARM.Collect$$libinit$$0000000C)
    __rt_lib_shutdown                        0x08000215   Thumb Code     0  libshutdown.o(.ARM.Collect$$libshutdown$$00000000)
    __rt_lib_shutdown_cpp_1                  0x08000217   Thumb Code     0  libshutdown2.o(.ARM.Collect$$libshutdown$$00000004)
    __rt_lib_shutdown_fini_1                 0x08000217   Thumb Code     0  libshutdown2.o(.ARM.Collect$$libshutdown$$00000002)
    __rt_lib_shutdown_fp_trap_1              0x08000217   Thumb Code     0  libshutdown2.o(.ARM.Collect$$libshutdown$$00000009)
    __rt_lib_shutdown_heap_1                 0x08000217   Thumb Code     0  libshutdown2.o(.ARM.Collect$$libshutdown$$00000011)
    __rt_lib_shutdown_return                 0x08000217   Thumb Code     0  libshutdown2.o(.ARM.Collect$$libshutdown$$00000012)
    __rt_lib_shutdown_signal_1               0x08000217   Thumb Code     0  libshutdown2.o(.ARM.Collect$$libshutdown$$0000000C)
    __rt_lib_shutdown_stdio_1                0x08000217   Thumb Code     0  libshutdown2.o(.ARM.Collect$$libshutdown$$00000006)
    __rt_lib_shutdown_user_alloc_1           0x08000217   Thumb Code     0  libshutdown2.o(.ARM.Collect$$libshutdown$$0000000E)
    __rt_entry                               0x08000219   Thumb Code     0  __rtentry.o(.ARM.Collect$$rtentry$$00000000)
    __rt_entry_presh_1                       0x08000219   Thumb Code     0  __rtentry2.o(.ARM.Collect$$rtentry$$00000002)
    __rt_entry_sh                            0x08000219   Thumb Code     0  __rtentry4.o(.ARM.Collect$$rtentry$$00000004)
    __rt_entry_li                            0x0800021f   Thumb Code     0  __rtentry2.o(.ARM.Collect$$rtentry$$0000000A)
    __rt_entry_postsh_1                      0x0800021f   Thumb Code     0  __rtentry2.o(.ARM.Collect$$rtentry$$00000009)
    __rt_entry_main                          0x08000223   Thumb Code     0  __rtentry2.o(.ARM.Collect$$rtentry$$0000000D)
    __rt_entry_postli_1                      0x08000223   Thumb Code     0  __rtentry2.o(.ARM.Collect$$rtentry$$0000000C)
    __rt_exit                                0x0800022b   Thumb Code     0  rtexit.o(.ARM.Collect$$rtexit$$00000000)
    __rt_exit_ls                             0x0800022d   Thumb Code     0  rtexit2.o(.ARM.Collect$$rtexit$$00000003)
    __rt_exit_prels_1                        0x0800022d   Thumb Code     0  rtexit2.o(.ARM.Collect$$rtexit$$00000002)
    __rt_exit_exit                           0x08000231   Thumb Code     0  rtexit2.o(.ARM.Collect$$rtexit$$00000004)
    SVC_Handler                              0x08000239   Thumb Code    28  port.o(.emb_text)
    __asm___6_port_c_39a90d8d__prvStartFirstTask 0x08000259   Thumb Code    36  port.o(.emb_text)
    __asm___6_port_c_39a90d8d__prvEnableVFP  0x08000281   Thumb Code    16  port.o(.emb_text)
    PendSV_Handler                           0x08000295   Thumb Code    88  port.o(.emb_text)
    vPortGetIPSR                             0x080002f1   Thumb Code     6  port.o(.emb_text)
    Reset_Handler                            0x080002f9   Thumb Code     8  startup_stm32f411xe.o(.text)
    ADC_IRQHandler                           0x08000313   Thumb Code     0  startup_stm32f411xe.o(.text)
    DMA1_Stream0_IRQHandler                  0x08000313   Thumb Code     0  startup_stm32f411xe.o(.text)
    DMA1_Stream1_IRQHandler                  0x08000313   Thumb Code     0  startup_stm32f411xe.o(.text)
    DMA1_Stream2_IRQHandler                  0x08000313   Thumb Code     0  startup_stm32f411xe.o(.text)
    DMA1_Stream3_IRQHandler                  0x08000313   Thumb Code     0  startup_stm32f411xe.o(.text)
    DMA1_Stream4_IRQHandler                  0x08000313   Thumb Code     0  startup_stm32f411xe.o(.text)
    DMA1_Stream5_IRQHandler                  0x08000313   Thumb Code     0  startup_stm32f411xe.o(.text)
    DMA1_Stream6_IRQHandler                  0x08000313   Thumb Code     0  startup_stm32f411xe.o(.text)
    DMA1_Stream7_IRQHandler                  0x08000313   Thumb Code     0  startup_stm32f411xe.o(.text)
    DMA2_Stream0_IRQHandler                  0x08000313   Thumb Code     0  startup_stm32f411xe.o(.text)
    DMA2_Stream1_IRQHandler                  0x08000313   Thumb Code     0  startup_stm32f411xe.o(.text)
    DMA2_Stream2_IRQHandler                  0x08000313   Thumb Code     0  startup_stm32f411xe.o(.text)
    DMA2_Stream3_IRQHandler                  0x08000313   Thumb Code     0  startup_stm32f411xe.o(.text)
    DMA2_Stream4_IRQHandler                  0x08000313   Thumb Code     0  startup_stm32f411xe.o(.text)
    DMA2_Stream5_IRQHandler                  0x08000313   Thumb Code     0  startup_stm32f411xe.o(.text)
    DMA2_Stream6_IRQHandler                  0x08000313   Thumb Code     0  startup_stm32f411xe.o(.text)
    DMA2_Stream7_IRQHandler                  0x08000313   Thumb Code     0  startup_stm32f411xe.o(.text)
    EXTI0_IRQHandler                         0x08000313   Thumb Code     0  startup_stm32f411xe.o(.text)
    EXTI15_10_IRQHandler                     0x08000313   Thumb Code     0  startup_stm32f411xe.o(.text)
    EXTI1_IRQHandler                         0x08000313   Thumb Code     0  startup_stm32f411xe.o(.text)
    EXTI2_IRQHandler                         0x08000313   Thumb Code     0  startup_stm32f411xe.o(.text)
    EXTI3_IRQHandler                         0x08000313   Thumb Code     0  startup_stm32f411xe.o(.text)
    EXTI4_IRQHandler                         0x08000313   Thumb Code     0  startup_stm32f411xe.o(.text)
    EXTI9_5_IRQHandler                       0x08000313   Thumb Code     0  startup_stm32f411xe.o(.text)
    FLASH_IRQHandler                         0x08000313   Thumb Code     0  startup_stm32f411xe.o(.text)
    FPU_IRQHandler                           0x08000313   Thumb Code     0  startup_stm32f411xe.o(.text)
    I2C1_ER_IRQHandler                       0x08000313   Thumb Code     0  startup_stm32f411xe.o(.text)
    I2C1_EV_IRQHandler                       0x08000313   Thumb Code     0  startup_stm32f411xe.o(.text)
    I2C2_ER_IRQHandler                       0x08000313   Thumb Code     0  startup_stm32f411xe.o(.text)
    I2C2_EV_IRQHandler                       0x08000313   Thumb Code     0  startup_stm32f411xe.o(.text)
    I2C3_ER_IRQHandler                       0x08000313   Thumb Code     0  startup_stm32f411xe.o(.text)
    I2C3_EV_IRQHandler                       0x08000313   Thumb Code     0  startup_stm32f411xe.o(.text)
    OTG_FS_IRQHandler                        0x08000313   Thumb Code     0  startup_stm32f411xe.o(.text)
    OTG_FS_WKUP_IRQHandler                   0x08000313   Thumb Code     0  startup_stm32f411xe.o(.text)
    PVD_IRQHandler                           0x08000313   Thumb Code     0  startup_stm32f411xe.o(.text)
    RCC_IRQHandler                           0x08000313   Thumb Code     0  startup_stm32f411xe.o(.text)
    RTC_Alarm_IRQHandler                     0x08000313   Thumb Code     0  startup_stm32f411xe.o(.text)
    RTC_WKUP_IRQHandler                      0x08000313   Thumb Code     0  startup_stm32f411xe.o(.text)
    SDIO_IRQHandler                          0x08000313   Thumb Code     0  startup_stm32f411xe.o(.text)
    SPI1_IRQHandler                          0x08000313   Thumb Code     0  startup_stm32f411xe.o(.text)
    SPI2_IRQHandler                          0x08000313   Thumb Code     0  startup_stm32f411xe.o(.text)
    SPI3_IRQHandler                          0x08000313   Thumb Code     0  startup_stm32f411xe.o(.text)
    SPI4_IRQHandler                          0x08000313   Thumb Code     0  startup_stm32f411xe.o(.text)
    SPI5_IRQHandler                          0x08000313   Thumb Code     0  startup_stm32f411xe.o(.text)
    TAMP_STAMP_IRQHandler                    0x08000313   Thumb Code     0  startup_stm32f411xe.o(.text)
    TIM1_BRK_TIM9_IRQHandler                 0x08000313   Thumb Code     0  startup_stm32f411xe.o(.text)
    TIM1_CC_IRQHandler                       0x08000313   Thumb Code     0  startup_stm32f411xe.o(.text)
    TIM1_TRG_COM_TIM11_IRQHandler            0x08000313   Thumb Code     0  startup_stm32f411xe.o(.text)
    TIM2_IRQHandler                          0x08000313   Thumb Code     0  startup_stm32f411xe.o(.text)
    TIM3_IRQHandler                          0x08000313   Thumb Code     0  startup_stm32f411xe.o(.text)
    TIM4_IRQHandler                          0x08000313   Thumb Code     0  startup_stm32f411xe.o(.text)
    TIM5_IRQHandler                          0x08000313   Thumb Code     0  startup_stm32f411xe.o(.text)
    USART1_IRQHandler                        0x08000313   Thumb Code     0  startup_stm32f411xe.o(.text)
    USART2_IRQHandler                        0x08000313   Thumb Code     0  startup_stm32f411xe.o(.text)
    USART6_IRQHandler                        0x08000313   Thumb Code     0  startup_stm32f411xe.o(.text)
    WWDG_IRQHandler                          0x08000313   Thumb Code     0  startup_stm32f411xe.o(.text)
    __user_initial_stackheap                 0x08000315   Thumb Code     0  startup_stm32f411xe.o(.text)
    __aeabi_uldivmod                         0x08000339   Thumb Code     0  lludivv7m.o(.text)
    _ll_udiv                                 0x08000339   Thumb Code   238  lludivv7m.o(.text)
    __aeabi_memcpy                           0x08000427   Thumb Code     0  rt_memcpy_v6.o(.text)
    __rt_memcpy                              0x08000427   Thumb Code   138  rt_memcpy_v6.o(.text)
    _memcpy_lastbytes                        0x0800048d   Thumb Code     0  rt_memcpy_v6.o(.text)
    __aeabi_memcpy4                          0x080004b1   Thumb Code     0  rt_memcpy_w.o(.text)
    __aeabi_memcpy8                          0x080004b1   Thumb Code     0  rt_memcpy_w.o(.text)
    __rt_memcpy_w                            0x080004b1   Thumb Code   100  rt_memcpy_w.o(.text)
    _memcpy_lastbytes_aligned                0x080004f9   Thumb Code     0  rt_memcpy_w.o(.text)
    __aeabi_memclr4                          0x08000515   Thumb Code     0  rt_memclr_w.o(.text)
    __aeabi_memclr8                          0x08000515   Thumb Code     0  rt_memclr_w.o(.text)
    __rt_memclr_w                            0x08000515   Thumb Code    78  rt_memclr_w.o(.text)
    _memset_w                                0x08000519   Thumb Code     0  rt_memclr_w.o(.text)
    __use_two_region_memory                  0x08000563   Thumb Code     2  heapauxi.o(.text)
    __rt_heap_escrow$2region                 0x08000565   Thumb Code     2  heapauxi.o(.text)
    __rt_heap_expand$2region                 0x08000567   Thumb Code     2  heapauxi.o(.text)
    _sys_exit                                0x08000569   Thumb Code     8  sys_exit.o(.text)
    __I$use$semihosting                      0x08000575   Thumb Code     0  use_no_semi.o(.text)
    __use_no_semihosting_swi                 0x08000575   Thumb Code     2  use_no_semi.o(.text)
    __semihosting_library_function           0x08000577   Thumb Code     0  indicate_semi.o(.text)
    __user_setup_stackheap                   0x08000577   Thumb Code    74  sys_stackheap_outer.o(.text)
    exit                                     0x080005c1   Thumb Code    18  exit.o(.text)
    __user_libspace                          0x080005d5   Thumb Code     8  libspace.o(.text)
    __user_perproc_libspace                  0x080005d5   Thumb Code     0  libspace.o(.text)
    __user_perthread_libspace                0x080005d5   Thumb Code     0  libspace.o(.text)
    Add_set                                  0x080005dd   Thumb Code    82  gc9a01.o(i.Add_set)
    BusFault_Handler                         0x0800062f   Thumb Code     2  stm32f4xx_it.o(i.BusFault_Handler)
    DebugMon_Handler                         0x08000631   Thumb Code     2  stm32f4xx_it.o(i.DebugMon_Handler)
    Error_Handler                            0x08000633   Thumb Code     4  main.o(i.Error_Handler)
    HAL_Delay                                0x08000639   Thumb Code    32  stm32f4xx_hal.o(i.HAL_Delay)
    HAL_GPIO_Init                            0x0800065d   Thumb Code   446  stm32f4xx_hal_gpio.o(i.HAL_GPIO_Init)
    HAL_GPIO_TogglePin                       0x0800083d   Thumb Code    16  stm32f4xx_hal_gpio.o(i.HAL_GPIO_TogglePin)
    HAL_GPIO_WritePin                        0x0800084d   Thumb Code    10  stm32f4xx_hal_gpio.o(i.HAL_GPIO_WritePin)
    HAL_GetTick                              0x08000859   Thumb Code     6  stm32f4xx_hal.o(i.HAL_GetTick)
    HAL_IncTick                              0x08000865   Thumb Code    12  stm32f4xx_hal.o(i.HAL_IncTick)
    HAL_Init                                 0x08000875   Thumb Code    48  stm32f4xx_hal.o(i.HAL_Init)
    HAL_InitTick                             0x080008a9   Thumb Code   118  stm32f4xx_hal_timebase_tim.o(i.HAL_InitTick)
    HAL_MspInit                              0x08000935   Thumb Code    52  stm32f4xx_hal_msp.o(i.HAL_MspInit)
    HAL_NVIC_EnableIRQ                       0x0800096d   Thumb Code    26  stm32f4xx_hal_cortex.o(i.HAL_NVIC_EnableIRQ)
    HAL_NVIC_SetPriority                     0x08000989   Thumb Code    60  stm32f4xx_hal_cortex.o(i.HAL_NVIC_SetPriority)
    HAL_NVIC_SetPriorityGrouping             0x080009c9   Thumb Code    26  stm32f4xx_hal_cortex.o(i.HAL_NVIC_SetPriorityGrouping)
    HAL_RCC_ClockConfig                      0x080009ed   Thumb Code   288  stm32f4xx_hal_rcc.o(i.HAL_RCC_ClockConfig)
    HAL_RCC_GetClockConfig                   0x08000b21   Thumb Code    54  stm32f4xx_hal_rcc.o(i.HAL_RCC_GetClockConfig)
    HAL_RCC_GetPCLK2Freq                     0x08000b61   Thumb Code    20  stm32f4xx_hal_rcc.o(i.HAL_RCC_GetPCLK2Freq)
    HAL_RCC_GetSysClockFreq                  0x08000b81   Thumb Code    88  stm32f4xx_hal_rcc.o(i.HAL_RCC_GetSysClockFreq)
    HAL_RCC_OscConfig                        0x08000be5   Thumb Code   856  stm32f4xx_hal_rcc.o(i.HAL_RCC_OscConfig)
    HAL_SPI_Init                             0x08000f51   Thumb Code   188  stm32f4xx_hal_spi.o(i.HAL_SPI_Init)
    HAL_SPI_MspInit                          0x0800100d   Thumb Code    92  spi.o(i.HAL_SPI_MspInit)
    HAL_SPI_Transmit                         0x08001075   Thumb Code   358  stm32f4xx_hal_spi.o(i.HAL_SPI_Transmit)
    HAL_TIMEx_BreakCallback                  0x080011db   Thumb Code     2  stm32f4xx_hal_tim_ex.o(i.HAL_TIMEx_BreakCallback)
    HAL_TIMEx_CommutCallback                 0x080011dd   Thumb Code     2  stm32f4xx_hal_tim_ex.o(i.HAL_TIMEx_CommutCallback)
    HAL_TIM_Base_Init                        0x080011df   Thumb Code    90  stm32f4xx_hal_tim.o(i.HAL_TIM_Base_Init)
    HAL_TIM_Base_MspInit                     0x08001239   Thumb Code     2  stm32f4xx_hal_tim.o(i.HAL_TIM_Base_MspInit)
    HAL_TIM_Base_Start_IT                    0x0800123d   Thumb Code    88  stm32f4xx_hal_tim.o(i.HAL_TIM_Base_Start_IT)
    HAL_TIM_IC_CaptureCallback               0x080012a9   Thumb Code     2  stm32f4xx_hal_tim.o(i.HAL_TIM_IC_CaptureCallback)
    HAL_TIM_IRQHandler                       0x080012ab   Thumb Code   304  stm32f4xx_hal_tim.o(i.HAL_TIM_IRQHandler)
    HAL_TIM_OC_DelayElapsedCallback          0x080013db   Thumb Code     2  stm32f4xx_hal_tim.o(i.HAL_TIM_OC_DelayElapsedCallback)
    HAL_TIM_PWM_PulseFinishedCallback        0x080013dd   Thumb Code     2  stm32f4xx_hal_tim.o(i.HAL_TIM_PWM_PulseFinishedCallback)
    HAL_TIM_PeriodElapsedCallback            0x080013e1   Thumb Code    14  main.o(i.HAL_TIM_PeriodElapsedCallback)
    HAL_TIM_TriggerCallback                  0x080013f5   Thumb Code     2  stm32f4xx_hal_tim.o(i.HAL_TIM_TriggerCallback)
    HardFault_Handler                        0x080013f7   Thumb Code     2  stm32f4xx_it.o(i.HardFault_Handler)
    MX_FREERTOS_Init                         0x080013f9   Thumb Code    78  freertos.o(i.MX_FREERTOS_Init)
    MX_GPIO_Init                             0x08001475   Thumb Code   132  gpio.o(i.MX_GPIO_Init)
    MX_SPI1_Init                             0x08001505   Thumb Code    62  spi.o(i.MX_SPI1_Init)
    MemManage_Handler                        0x0800154d   Thumb Code     2  stm32f4xx_it.o(i.MemManage_Handler)
    NMI_Handler                              0x0800154f   Thumb Code     2  stm32f4xx_it.o(i.NMI_Handler)
    SPI_SendByte                             0x080015bd   Thumb Code    40  gc9a01_port.o(i.SPI_SendByte)
    StartDefaultTask                         0x080016a9   Thumb Code     8  freertos.o(i.StartDefaultTask)
    SysTick_Handler                          0x080016b1   Thumb Code    38  port.o(i.SysTick_Handler)
    SystemClock_Config                       0x080016dd   Thumb Code   136  main.o(i.SystemClock_Config)
    SystemInit                               0x0800176d   Thumb Code    12  system_stm32f4xx.o(i.SystemInit)
    TFT_full                                 0x0800177d   Thumb Code    58  gc9a01.o(i.TFT_full)
    TFT_init                                 0x080017b9   Thumb Code  1174  gc9a01.o(i.TFT_init)
    TFT_send_cmd                             0x08001c51   Thumb Code    36  gc9a01_port.o(i.TFT_send_cmd)
    TFT_send_data                            0x08001c79   Thumb Code     4  gc9a01_port.o(i.TFT_send_data)
    TIM1_UP_TIM10_IRQHandler                 0x08001c7d   Thumb Code     6  stm32f4xx_it.o(i.TIM1_UP_TIM10_IRQHandler)
    TIM_Base_SetConfig                       0x08001c89   Thumb Code   130  stm32f4xx_hal_tim.o(i.TIM_Base_SetConfig)
    UsageFault_Handler                       0x08001d29   Thumb Code     2  stm32f4xx_it.o(i.UsageFault_Handler)
    led_task                                 0x08001d4d   Thumb Code    26  freertos.o(i.led_task)
    lv_demo_task                             0x08001d6d   Thumb Code    84  freertos.o(i.lv_demo_task)
    main                                     0x08001dc5   Thumb Code    26  main.o(i.main)
    osDelay                                  0x08001deb   Thumb Code    14  cmsis_os.o(i.osDelay)
    osKernelStart                            0x08001df9   Thumb Code    10  cmsis_os.o(i.osKernelStart)
    osThreadCreate                           0x08001e03   Thumb Code    84  cmsis_os.o(i.osThreadCreate)
    pvPortMalloc                             0x080025d1   Thumb Code   216  heap_4.o(i.pvPortMalloc)
    pxPortInitialiseStack                    0x080026ad   Thumb Code    40  port.o(i.pxPortInitialiseStack)
    uxListRemove                             0x080026d9   Thumb Code    38  list.o(i.uxListRemove)
    vApplicationGetIdleTaskMemory            0x08002701   Thumb Code    16  freertos.o(i.vApplicationGetIdleTaskMemory)
    vApplicationGetTimerTaskMemory           0x08002715   Thumb Code    18  freertos.o(i.vApplicationGetTimerTaskMemory)
    vListInitialise                          0x0800272d   Thumb Code    22  list.o(i.vListInitialise)
    vListInitialiseItem                      0x08002743   Thumb Code     6  list.o(i.vListInitialiseItem)
    vListInsert                              0x08002749   Thumb Code    48  list.o(i.vListInsert)
    vListInsertEnd                           0x08002779   Thumb Code    24  list.o(i.vListInsertEnd)
    vPortEnterCritical                       0x08002791   Thumb Code    54  port.o(i.vPortEnterCritical)
    vPortExitCritical                        0x080027d1   Thumb Code    34  port.o(i.vPortExitCritical)
    vPortFree                                0x080027f9   Thumb Code    94  heap_4.o(i.vPortFree)
    vPortSetupTimerInterrupt                 0x0800285d   Thumb Code    32  port.o(i.vPortSetupTimerInterrupt)
    vPortValidateInterruptPriority           0x08002881   Thumb Code    74  port.o(i.vPortValidateInterruptPriority)
    vQueueAddToRegistry                      0x080028d5   Thumb Code    34  queue.o(i.vQueueAddToRegistry)
    vQueueWaitForMessageRestricted           0x080028fd   Thumb Code    68  queue.o(i.vQueueWaitForMessageRestricted)
    vTaskDelay                               0x08002941   Thumb Code    66  tasks.o(i.vTaskDelay)
    vTaskInternalSetTimeOutState             0x0800298d   Thumb Code    12  tasks.o(i.vTaskInternalSetTimeOutState)
    vTaskMissedYield                         0x0800299d   Thumb Code     8  tasks.o(i.vTaskMissedYield)
    vTaskPlaceOnEventList                    0x080029a9   Thumb Code    44  tasks.o(i.vTaskPlaceOnEventList)
    vTaskPlaceOnEventListRestricted          0x080029d9   Thumb Code    52  tasks.o(i.vTaskPlaceOnEventListRestricted)
    vTaskStartScheduler                      0x08002a11   Thumb Code   118  tasks.o(i.vTaskStartScheduler)
    vTaskSuspendAll                          0x08002a99   Thumb Code    10  tasks.o(i.vTaskSuspendAll)
    vTaskSwitchContext                       0x08002aa9   Thumb Code    82  tasks.o(i.vTaskSwitchContext)
    xPortStartScheduler                      0x08002b05   Thumb Code   222  port.o(i.xPortStartScheduler)
    xQueueGenericCreateStatic                0x08002bf9   Thumb Code   102  queue.o(i.xQueueGenericCreateStatic)
    xQueueGenericReset                       0x08002c61   Thumb Code   132  queue.o(i.xQueueGenericReset)
    xQueueGenericSend                        0x08002ce9   Thumb Code   346  queue.o(i.xQueueGenericSend)
    xQueueGenericSendFromISR                 0x08002e49   Thumb Code   190  queue.o(i.xQueueGenericSendFromISR)
    xQueueReceive                            0x08002f09   Thumb Code   308  queue.o(i.xQueueReceive)
    xTaskCheckForTimeOut                     0x08003041   Thumb Code   112  tasks.o(i.xTaskCheckForTimeOut)
    xTaskCreate                              0x080030b5   Thumb Code    90  tasks.o(i.xTaskCreate)
    xTaskCreateStatic                        0x0800310f   Thumb Code    86  tasks.o(i.xTaskCreateStatic)
    xTaskGetSchedulerState                   0x08003165   Thumb Code    22  tasks.o(i.xTaskGetSchedulerState)
    xTaskGetTickCount                        0x08003181   Thumb Code     6  tasks.o(i.xTaskGetTickCount)
    xTaskIncrementTick                       0x0800318d   Thumb Code   194  tasks.o(i.xTaskIncrementTick)
    xTaskPriorityDisinherit                  0x08003259   Thumb Code   144  tasks.o(i.xTaskPriorityDisinherit)
    xTaskRemoveFromEventList                 0x080032f1   Thumb Code   108  tasks.o(i.xTaskRemoveFromEventList)
    xTaskResumeAll                           0x08003365   Thumb Code   182  tasks.o(i.xTaskResumeAll)
    xTimerCreateTimerTask                    0x08003429   Thumb Code    78  timers.o(i.xTimerCreateTimerTask)
    xTimerGenericCommand                     0x08003489   Thumb Code    92  timers.o(i.xTimerGenericCommand)
    _fp_init                                 0x080034e9   Thumb Code    10  fpinit.o(x$fpl$fpinit)
    __fplib_config_fpu_vfp                   0x080034f1   Thumb Code     0  fpinit.o(x$fpl$fpinit)
    __fplib_config_pureend_doubles           0x080034f1   Thumb Code     0  fpinit.o(x$fpl$fpinit)
    AHBPrescTable                            0x08003510   Data          16  system_stm32f4xx.o(.constdata)
    APBPrescTable                            0x08003520   Data           8  system_stm32f4xx.o(.constdata)
    Region$$Table$$Base                      0x08003534   Number         0  anon$$obj.o(Region$$Table)
    Region$$Table$$Limit                     0x08003554   Number         0  anon$$obj.o(Region$$Table)
    i                                        0x20000000   Data           1  freertos.o(.data)
    COLOR                                    0x20000002   Data           2  freertos.o(.data)
    LV_DEMOTask_Handler                      0x20000004   Data           4  freertos.o(.data)
    LEDTask_Handler                          0x20000008   Data           4  freertos.o(.data)
    defaultTaskHandle                        0x2000000c   Data           4  freertos.o(.data)
    uwTickFreq                               0x20000010   Data           1  stm32f4xx_hal.o(.data)
    uwTickPrio                               0x20000014   Data           4  stm32f4xx_hal.o(.data)
    uwTick                                   0x20000018   Data           4  stm32f4xx_hal.o(.data)
    SystemCoreClock                          0x2000001c   Data           4  system_stm32f4xx.o(.data)
    pxCurrentTCB                             0x20000020   Data           4  tasks.o(.data)
    hspi1                                    0x20000744   Data          88  spi.o(.bss)
    htim1                                    0x2000079c   Data          72  stm32f4xx_hal_timebase_tim.o(.bss)
    xQueueRegistry                           0x200007e4   Data          64  queue.o(.bss)
    __libspace_start                         0x200045fc   Data          96  libspace.o(.bss)
    __temporary_stack_top$libspace           0x2000465c   Data           0  libspace.o(.bss)



==============================================================================

Memory Map of the image

  Image Entry point : 0x08000199

  Load Region LR_IROM1 (Base: 0x08000000, Size: 0x000035f0, Max: 0x00080000, ABSOLUTE)

    Execution Region ER_IROM1 (Exec base: 0x08000000, Load base: 0x08000000, Size: 0x00003554, Max: 0x00080000, ABSOLUTE)

    Exec Addr    Load Addr    Size         Type   Attr      Idx    E Section Name        Object

    0x08000000   0x08000000   0x00000198   Data   RO            3    RESET               startup_stm32f411xe.o
    0x08000198   0x08000198   0x00000008   Code   RO        33226  * !!!main             c_w.l(__main.o)
    0x080001a0   0x080001a0   0x00000034   Code   RO        33401    !!!scatter          c_w.l(__scatter.o)
    0x080001d4   0x080001d4   0x0000001a   Code   RO        33403    !!handler_copy      c_w.l(__scatter_copy.o)
    0x080001ee   0x080001ee   0x00000002   PAD
    0x080001f0   0x080001f0   0x0000001c   Code   RO        33405    !!handler_zi        c_w.l(__scatter_zi.o)
    0x0800020c   0x0800020c   0x00000002   Code   RO        33284    .ARM.Collect$$libinit$$00000000  c_w.l(libinit.o)
    0x0800020e   0x0800020e   0x00000004   Code   RO        33296    .ARM.Collect$$libinit$$00000001  c_w.l(libinit2.o)
    0x08000212   0x08000212   0x00000000   Code   RO        33299    .ARM.Collect$$libinit$$00000004  c_w.l(libinit2.o)
    0x08000212   0x08000212   0x00000000   Code   RO        33302    .ARM.Collect$$libinit$$0000000A  c_w.l(libinit2.o)
    0x08000212   0x08000212   0x00000000   Code   RO        33304    .ARM.Collect$$libinit$$0000000C  c_w.l(libinit2.o)
    0x08000212   0x08000212   0x00000000   Code   RO        33306    .ARM.Collect$$libinit$$0000000E  c_w.l(libinit2.o)
    0x08000212   0x08000212   0x00000000   Code   RO        33309    .ARM.Collect$$libinit$$00000011  c_w.l(libinit2.o)
    0x08000212   0x08000212   0x00000000   Code   RO        33311    .ARM.Collect$$libinit$$00000013  c_w.l(libinit2.o)
    0x08000212   0x08000212   0x00000000   Code   RO        33313    .ARM.Collect$$libinit$$00000015  c_w.l(libinit2.o)
    0x08000212   0x08000212   0x00000000   Code   RO        33315    .ARM.Collect$$libinit$$00000017  c_w.l(libinit2.o)
    0x08000212   0x08000212   0x00000000   Code   RO        33317    .ARM.Collect$$libinit$$00000019  c_w.l(libinit2.o)
    0x08000212   0x08000212   0x00000000   Code   RO        33319    .ARM.Collect$$libinit$$0000001B  c_w.l(libinit2.o)
    0x08000212   0x08000212   0x00000000   Code   RO        33321    .ARM.Collect$$libinit$$0000001D  c_w.l(libinit2.o)
    0x08000212   0x08000212   0x00000000   Code   RO        33323    .ARM.Collect$$libinit$$0000001F  c_w.l(libinit2.o)
    0x08000212   0x08000212   0x00000000   Code   RO        33325    .ARM.Collect$$libinit$$00000021  c_w.l(libinit2.o)
    0x08000212   0x08000212   0x00000000   Code   RO        33327    .ARM.Collect$$libinit$$00000023  c_w.l(libinit2.o)
    0x08000212   0x08000212   0x00000000   Code   RO        33329    .ARM.Collect$$libinit$$00000025  c_w.l(libinit2.o)
    0x08000212   0x08000212   0x00000000   Code   RO        33333    .ARM.Collect$$libinit$$0000002C  c_w.l(libinit2.o)
    0x08000212   0x08000212   0x00000000   Code   RO        33335    .ARM.Collect$$libinit$$0000002E  c_w.l(libinit2.o)
    0x08000212   0x08000212   0x00000000   Code   RO        33337    .ARM.Collect$$libinit$$00000030  c_w.l(libinit2.o)
    0x08000212   0x08000212   0x00000000   Code   RO        33339    .ARM.Collect$$libinit$$00000032  c_w.l(libinit2.o)
    0x08000212   0x08000212   0x00000002   Code   RO        33340    .ARM.Collect$$libinit$$00000033  c_w.l(libinit2.o)
    0x08000214   0x08000214   0x00000002   Code   RO        33372    .ARM.Collect$$libshutdown$$00000000  c_w.l(libshutdown.o)
    0x08000216   0x08000216   0x00000000   Code   RO        33382    .ARM.Collect$$libshutdown$$00000002  c_w.l(libshutdown2.o)
    0x08000216   0x08000216   0x00000000   Code   RO        33384    .ARM.Collect$$libshutdown$$00000004  c_w.l(libshutdown2.o)
    0x08000216   0x08000216   0x00000000   Code   RO        33386    .ARM.Collect$$libshutdown$$00000006  c_w.l(libshutdown2.o)
    0x08000216   0x08000216   0x00000000   Code   RO        33389    .ARM.Collect$$libshutdown$$00000009  c_w.l(libshutdown2.o)
    0x08000216   0x08000216   0x00000000   Code   RO        33392    .ARM.Collect$$libshutdown$$0000000C  c_w.l(libshutdown2.o)
    0x08000216   0x08000216   0x00000000   Code   RO        33394    .ARM.Collect$$libshutdown$$0000000E  c_w.l(libshutdown2.o)
    0x08000216   0x08000216   0x00000000   Code   RO        33397    .ARM.Collect$$libshutdown$$00000011  c_w.l(libshutdown2.o)
    0x08000216   0x08000216   0x00000002   Code   RO        33398    .ARM.Collect$$libshutdown$$00000012  c_w.l(libshutdown2.o)
    0x08000218   0x08000218   0x00000000   Code   RO        33230    .ARM.Collect$$rtentry$$00000000  c_w.l(__rtentry.o)
    0x08000218   0x08000218   0x00000000   Code   RO        33245    .ARM.Collect$$rtentry$$00000002  c_w.l(__rtentry2.o)
    0x08000218   0x08000218   0x00000006   Code   RO        33257    .ARM.Collect$$rtentry$$00000004  c_w.l(__rtentry4.o)
    0x0800021e   0x0800021e   0x00000000   Code   RO        33247    .ARM.Collect$$rtentry$$00000009  c_w.l(__rtentry2.o)
    0x0800021e   0x0800021e   0x00000004   Code   RO        33248    .ARM.Collect$$rtentry$$0000000A  c_w.l(__rtentry2.o)
    0x08000222   0x08000222   0x00000000   Code   RO        33250    .ARM.Collect$$rtentry$$0000000C  c_w.l(__rtentry2.o)
    0x08000222   0x08000222   0x00000008   Code   RO        33251    .ARM.Collect$$rtentry$$0000000D  c_w.l(__rtentry2.o)
    0x0800022a   0x0800022a   0x00000002   Code   RO        33290    .ARM.Collect$$rtexit$$00000000  c_w.l(rtexit.o)
    0x0800022c   0x0800022c   0x00000000   Code   RO        33342    .ARM.Collect$$rtexit$$00000002  c_w.l(rtexit2.o)
    0x0800022c   0x0800022c   0x00000004   Code   RO        33343    .ARM.Collect$$rtexit$$00000003  c_w.l(rtexit2.o)
    0x08000230   0x08000230   0x00000006   Code   RO        33344    .ARM.Collect$$rtexit$$00000004  c_w.l(rtexit2.o)
    0x08000236   0x08000236   0x00000002   PAD
    0x08000238   0x08000238   0x000000be   Code   RO         4622    .emb_text           port.o
    0x080002f6   0x080002f6   0x00000002   PAD
    0x080002f8   0x080002f8   0x00000040   Code   RO            4    .text               startup_stm32f411xe.o
    0x08000338   0x08000338   0x000000ee   Code   RO        33196    .text               c_w.l(lludivv7m.o)
    0x08000426   0x08000426   0x0000008a   Code   RO        33210    .text               c_w.l(rt_memcpy_v6.o)
    0x080004b0   0x080004b0   0x00000064   Code   RO        33214    .text               c_w.l(rt_memcpy_w.o)
    0x08000514   0x08000514   0x0000004e   Code   RO        33220    .text               c_w.l(rt_memclr_w.o)
    0x08000562   0x08000562   0x00000006   Code   RO        33224    .text               c_w.l(heapauxi.o)
    0x08000568   0x08000568   0x0000000c   Code   RO        33228    .text               c_w.l(sys_exit.o)
    0x08000574   0x08000574   0x00000002   Code   RO        33241    .text               c_w.l(use_no_semi.o)
    0x08000576   0x08000576   0x00000000   Code   RO        33243    .text               c_w.l(indicate_semi.o)
    0x08000576   0x08000576   0x0000004a   Code   RO        33267    .text               c_w.l(sys_stackheap_outer.o)
    0x080005c0   0x080005c0   0x00000012   Code   RO        33269    .text               c_w.l(exit.o)
    0x080005d2   0x080005d2   0x00000002   PAD
    0x080005d4   0x080005d4   0x00000008   Code   RO        33287    .text               c_w.l(libspace.o)
    0x080005dc   0x080005dc   0x00000052   Code   RO         3040    i.Add_set           gc9a01.o
    0x0800062e   0x0800062e   0x00000002   Code   RO          352    i.BusFault_Handler  stm32f4xx_it.o
    0x08000630   0x08000630   0x00000002   Code   RO          353    i.DebugMon_Handler  stm32f4xx_it.o
    0x08000632   0x08000632   0x00000004   Code   RO           13    i.Error_Handler     main.o
    0x08000636   0x08000636   0x00000002   PAD
    0x08000638   0x08000638   0x00000024   Code   RO         2429    i.HAL_Delay         stm32f4xx_hal.o
    0x0800065c   0x0800065c   0x000001e0   Code   RO         1861    i.HAL_GPIO_Init     stm32f4xx_hal_gpio.o
    0x0800083c   0x0800083c   0x00000010   Code   RO         1864    i.HAL_GPIO_TogglePin  stm32f4xx_hal_gpio.o
    0x0800084c   0x0800084c   0x0000000a   Code   RO         1865    i.HAL_GPIO_WritePin  stm32f4xx_hal_gpio.o
    0x08000856   0x08000856   0x00000002   PAD
    0x08000858   0x08000858   0x0000000c   Code   RO         2435    i.HAL_GetTick       stm32f4xx_hal.o
    0x08000864   0x08000864   0x00000010   Code   RO         2441    i.HAL_IncTick       stm32f4xx_hal.o
    0x08000874   0x08000874   0x00000034   Code   RO         2442    i.HAL_Init          stm32f4xx_hal.o
    0x080008a8   0x080008a8   0x0000008c   Code   RO          440    i.HAL_InitTick      stm32f4xx_hal_timebase_tim.o
    0x08000934   0x08000934   0x00000038   Code   RO          416    i.HAL_MspInit       stm32f4xx_hal_msp.o
    0x0800096c   0x0800096c   0x0000001a   Code   RO         2277    i.HAL_NVIC_EnableIRQ  stm32f4xx_hal_cortex.o
    0x08000986   0x08000986   0x00000002   PAD
    0x08000988   0x08000988   0x00000040   Code   RO         2283    i.HAL_NVIC_SetPriority  stm32f4xx_hal_cortex.o
    0x080009c8   0x080009c8   0x00000024   Code   RO         2284    i.HAL_NVIC_SetPriorityGrouping  stm32f4xx_hal_cortex.o
    0x080009ec   0x080009ec   0x00000134   Code   RO         1453    i.HAL_RCC_ClockConfig  stm32f4xx_hal_rcc.o
    0x08000b20   0x08000b20   0x00000040   Code   RO         1457    i.HAL_RCC_GetClockConfig  stm32f4xx_hal_rcc.o
    0x08000b60   0x08000b60   0x00000020   Code   RO         1461    i.HAL_RCC_GetPCLK2Freq  stm32f4xx_hal_rcc.o
    0x08000b80   0x08000b80   0x00000064   Code   RO         1462    i.HAL_RCC_GetSysClockFreq  stm32f4xx_hal_rcc.o
    0x08000be4   0x08000be4   0x0000036c   Code   RO         1465    i.HAL_RCC_OscConfig  stm32f4xx_hal_rcc.o
    0x08000f50   0x08000f50   0x000000bc   Code   RO         2691    i.HAL_SPI_Init      stm32f4xx_hal_spi.o
    0x0800100c   0x0800100c   0x00000068   Code   RO          311    i.HAL_SPI_MspInit   spi.o
    0x08001074   0x08001074   0x00000166   Code   RO         2699    i.HAL_SPI_Transmit  stm32f4xx_hal_spi.o
    0x080011da   0x080011da   0x00000002   Code   RO         1185    i.HAL_TIMEx_BreakCallback  stm32f4xx_hal_tim_ex.o
    0x080011dc   0x080011dc   0x00000002   Code   RO         1186    i.HAL_TIMEx_CommutCallback  stm32f4xx_hal_tim_ex.o
    0x080011de   0x080011de   0x0000005a   Code   RO          481    i.HAL_TIM_Base_Init  stm32f4xx_hal_tim.o
    0x08001238   0x08001238   0x00000002   Code   RO          483    i.HAL_TIM_Base_MspInit  stm32f4xx_hal_tim.o
    0x0800123a   0x0800123a   0x00000002   PAD
    0x0800123c   0x0800123c   0x0000006c   Code   RO          486    i.HAL_TIM_Base_Start_IT  stm32f4xx_hal_tim.o
    0x080012a8   0x080012a8   0x00000002   Code   RO          515    i.HAL_TIM_IC_CaptureCallback  stm32f4xx_hal_tim.o
    0x080012aa   0x080012aa   0x00000130   Code   RO          529    i.HAL_TIM_IRQHandler  stm32f4xx_hal_tim.o
    0x080013da   0x080013da   0x00000002   Code   RO          532    i.HAL_TIM_OC_DelayElapsedCallback  stm32f4xx_hal_tim.o
    0x080013dc   0x080013dc   0x00000002   Code   RO          559    i.HAL_TIM_PWM_PulseFinishedCallback  stm32f4xx_hal_tim.o
    0x080013de   0x080013de   0x00000002   PAD
    0x080013e0   0x080013e0   0x00000014   Code   RO           14    i.HAL_TIM_PeriodElapsedCallback  main.o
    0x080013f4   0x080013f4   0x00000002   Code   RO          572    i.HAL_TIM_TriggerCallback  stm32f4xx_hal_tim.o
    0x080013f6   0x080013f6   0x00000002   Code   RO          354    i.HardFault_Handler  stm32f4xx_it.o
    0x080013f8   0x080013f8   0x0000007c   Code   RO          225    i.MX_FREERTOS_Init  freertos.o
    0x08001474   0x08001474   0x00000090   Code   RO          201    i.MX_GPIO_Init      gpio.o
    0x08001504   0x08001504   0x00000048   Code   RO          312    i.MX_SPI1_Init      spi.o
    0x0800154c   0x0800154c   0x00000002   Code   RO          355    i.MemManage_Handler  stm32f4xx_it.o
    0x0800154e   0x0800154e   0x00000002   Code   RO          356    i.NMI_Handler       stm32f4xx_it.o
    0x08001550   0x08001550   0x0000006c   Code   RO         2729    i.SPI_EndRxTxTransaction  stm32f4xx_hal_spi.o
    0x080015bc   0x080015bc   0x00000030   Code   RO         3227    i.SPI_SendByte      gc9a01_port.o
    0x080015ec   0x080015ec   0x000000bc   Code   RO         2734    i.SPI_WaitFlagStateUntilTimeout  stm32f4xx_hal_spi.o
    0x080016a8   0x080016a8   0x00000008   Code   RO          226    i.StartDefaultTask  freertos.o
    0x080016b0   0x080016b0   0x0000002c   Code   RO         4623    i.SysTick_Handler   port.o
    0x080016dc   0x080016dc   0x00000090   Code   RO           15    i.SystemClock_Config  main.o
    0x0800176c   0x0800176c   0x00000010   Code   RO         3003    i.SystemInit        system_stm32f4xx.o
    0x0800177c   0x0800177c   0x0000003a   Code   RO         3048    i.TFT_full          gc9a01.o
    0x080017b6   0x080017b6   0x00000002   PAD
    0x080017b8   0x080017b8   0x00000496   Code   RO         3049    i.TFT_init          gc9a01.o
    0x08001c4e   0x08001c4e   0x00000002   PAD
    0x08001c50   0x08001c50   0x00000028   Code   RO         3230    i.TFT_send_cmd      gc9a01_port.o
    0x08001c78   0x08001c78   0x00000004   Code   RO         3231    i.TFT_send_data     gc9a01_port.o
    0x08001c7c   0x08001c7c   0x0000000c   Code   RO          357    i.TIM1_UP_TIM10_IRQHandler  stm32f4xx_it.o
    0x08001c88   0x08001c88   0x000000a0   Code   RO          574    i.TIM_Base_SetConfig  stm32f4xx_hal_tim.o
    0x08001d28   0x08001d28   0x00000002   Code   RO          358    i.UsageFault_Handler  stm32f4xx_it.o
    0x08001d2a   0x08001d2a   0x00000020   Code   RO         2290    i.__NVIC_SetPriority  stm32f4xx_hal_cortex.o
    0x08001d4a   0x08001d4a   0x00000002   PAD
    0x08001d4c   0x08001d4c   0x00000020   Code   RO          227    i.led_task          freertos.o
    0x08001d6c   0x08001d6c   0x00000058   Code   RO          228    i.lv_demo_task      freertos.o
    0x08001dc4   0x08001dc4   0x0000001a   Code   RO           16    i.main              main.o
    0x08001dde   0x08001dde   0x0000000c   Code   RO         4200    i.makeFreeRtosPriority  cmsis_os.o
    0x08001dea   0x08001dea   0x0000000e   Code   RO         4202    i.osDelay           cmsis_os.o
    0x08001df8   0x08001df8   0x0000000a   Code   RO         4205    i.osKernelStart     cmsis_os.o
    0x08001e02   0x08001e02   0x00000054   Code   RO         4239    i.osThreadCreate    cmsis_os.o
    0x08001e56   0x08001e56   0x00000002   PAD
    0x08001e58   0x08001e58   0x00000070   Code   RO         3740    i.prvAddCurrentTaskToDelayedList  tasks.o
    0x08001ec8   0x08001ec8   0x000000d0   Code   RO         3741    i.prvAddNewTaskToReadyList  tasks.o
    0x08001f98   0x08001f98   0x00000058   Code   RO         4054    i.prvCheckForValidListAndQueue  timers.o
    0x08001ff0   0x08001ff0   0x00000026   Code   RO         3416    i.prvCopyDataFromQueue  queue.o
    0x08002016   0x08002016   0x0000006c   Code   RO         3417    i.prvCopyDataToQueue  queue.o
    0x08002082   0x08002082   0x00000034   Code   RO         3742    i.prvDeleteTCB      tasks.o
    0x080020b6   0x080020b6   0x00000002   PAD
    0x080020b8   0x080020b8   0x0000004c   Code   RO         4567    i.prvHeapInit       heap_4.o
    0x08002104   0x08002104   0x00000060   Code   RO         3743    i.prvIdleTask       tasks.o
    0x08002164   0x08002164   0x00000016   Code   RO         3419    i.prvInitialiseNewQueue  queue.o
    0x0800217a   0x0800217a   0x00000098   Code   RO         3744    i.prvInitialiseNewTask  tasks.o
    0x08002212   0x08002212   0x00000002   PAD
    0x08002214   0x08002214   0x0000004c   Code   RO         4568    i.prvInsertBlockIntoFreeList  heap_4.o
    0x08002260   0x08002260   0x00000038   Code   RO         4056    i.prvInsertTimerInActiveList  timers.o
    0x08002298   0x08002298   0x0000001c   Code   RO         3420    i.prvIsQueueEmpty   queue.o
    0x080022b4   0x080022b4   0x000000f0   Code   RO         4057    i.prvProcessReceivedCommands  timers.o
    0x080023a4   0x080023a4   0x000000c0   Code   RO         4058    i.prvProcessTimerOrBlockTask  timers.o
    0x08002464   0x08002464   0x00000020   Code   RO         3745    i.prvResetNextTaskUnblockTime  tasks.o
    0x08002484   0x08002484   0x00000028   Code   RO         4059    i.prvSampleTimeNow  timers.o
    0x080024ac   0x080024ac   0x0000006c   Code   RO         4060    i.prvSwitchTimerLists  timers.o
    0x08002518   0x08002518   0x00000028   Code   RO         4624    i.prvTaskExitError  port.o
    0x08002540   0x08002540   0x00000024   Code   RO         4061    i.prvTimerTask      timers.o
    0x08002564   0x08002564   0x0000006a   Code   RO         3421    i.prvUnlockQueue    queue.o
    0x080025ce   0x080025ce   0x00000002   PAD
    0x080025d0   0x080025d0   0x000000dc   Code   RO         4569    i.pvPortMalloc      heap_4.o
    0x080026ac   0x080026ac   0x0000002c   Code   RO         4625    i.pxPortInitialiseStack  port.o
    0x080026d8   0x080026d8   0x00000026   Code   RO         3376    i.uxListRemove      list.o
    0x080026fe   0x080026fe   0x00000002   PAD
    0x08002700   0x08002700   0x00000014   Code   RO          229    i.vApplicationGetIdleTaskMemory  freertos.o
    0x08002714   0x08002714   0x00000018   Code   RO          230    i.vApplicationGetTimerTaskMemory  freertos.o
    0x0800272c   0x0800272c   0x00000016   Code   RO         3377    i.vListInitialise   list.o
    0x08002742   0x08002742   0x00000006   Code   RO         3378    i.vListInitialiseItem  list.o
    0x08002748   0x08002748   0x00000030   Code   RO         3379    i.vListInsert       list.o
    0x08002778   0x08002778   0x00000018   Code   RO         3380    i.vListInsertEnd    list.o
    0x08002790   0x08002790   0x00000040   Code   RO         4627    i.vPortEnterCritical  port.o
    0x080027d0   0x080027d0   0x00000028   Code   RO         4628    i.vPortExitCritical  port.o
    0x080027f8   0x080027f8   0x00000064   Code   RO         4570    i.vPortFree         heap_4.o
    0x0800285c   0x0800285c   0x00000024   Code   RO         4629    i.vPortSetupTimerInterrupt  port.o
    0x08002880   0x08002880   0x00000054   Code   RO         4630    i.vPortValidateInterruptPriority  port.o
    0x080028d4   0x080028d4   0x00000028   Code   RO         3425    i.vQueueAddToRegistry  queue.o
    0x080028fc   0x080028fc   0x00000044   Code   RO         3428    i.vQueueWaitForMessageRestricted  queue.o
    0x08002940   0x08002940   0x0000004c   Code   RO         3754    i.vTaskDelay        tasks.o
    0x0800298c   0x0800298c   0x00000010   Code   RO         3757    i.vTaskInternalSetTimeOutState  tasks.o
    0x0800299c   0x0800299c   0x0000000c   Code   RO         3758    i.vTaskMissedYield  tasks.o
    0x080029a8   0x080029a8   0x00000030   Code   RO         3760    i.vTaskPlaceOnEventList  tasks.o
    0x080029d8   0x080029d8   0x00000038   Code   RO         3761    i.vTaskPlaceOnEventListRestricted  tasks.o
    0x08002a10   0x08002a10   0x00000088   Code   RO         3768    i.vTaskStartScheduler  tasks.o
    0x08002a98   0x08002a98   0x00000010   Code   RO         3770    i.vTaskSuspendAll   tasks.o
    0x08002aa8   0x08002aa8   0x0000005c   Code   RO         3771    i.vTaskSwitchContext  tasks.o
    0x08002b04   0x08002b04   0x000000f4   Code   RO         4631    i.xPortStartScheduler  port.o
    0x08002bf8   0x08002bf8   0x00000066   Code   RO         3432    i.xQueueGenericCreateStatic  queue.o
    0x08002c5e   0x08002c5e   0x00000002   PAD
    0x08002c60   0x08002c60   0x00000088   Code   RO         3433    i.xQueueGenericReset  queue.o
    0x08002ce8   0x08002ce8   0x00000160   Code   RO         3434    i.xQueueGenericSend  queue.o
    0x08002e48   0x08002e48   0x000000be   Code   RO         3435    i.xQueueGenericSendFromISR  queue.o
    0x08002f06   0x08002f06   0x00000002   PAD
    0x08002f08   0x08002f08   0x00000138   Code   RO         3441    i.xQueueReceive     queue.o
    0x08003040   0x08003040   0x00000074   Code   RO         3773    i.xTaskCheckForTimeOut  tasks.o
    0x080030b4   0x080030b4   0x0000005a   Code   RO         3774    i.xTaskCreate       tasks.o
    0x0800310e   0x0800310e   0x00000056   Code   RO         3775    i.xTaskCreateStatic  tasks.o
    0x08003164   0x08003164   0x0000001c   Code   RO         3779    i.xTaskGetSchedulerState  tasks.o
    0x08003180   0x08003180   0x0000000c   Code   RO         3780    i.xTaskGetTickCount  tasks.o
    0x0800318c   0x0800318c   0x000000cc   Code   RO         3782    i.xTaskIncrementTick  tasks.o
    0x08003258   0x08003258   0x00000098   Code   RO         3785    i.xTaskPriorityDisinherit  tasks.o
    0x080032f0   0x080032f0   0x00000074   Code   RO         3787    i.xTaskRemoveFromEventList  tasks.o
    0x08003364   0x08003364   0x000000c4   Code   RO         3788    i.xTaskResumeAll    tasks.o
    0x08003428   0x08003428   0x00000060   Code   RO         4068    i.xTimerCreateTimerTask  timers.o
    0x08003488   0x08003488   0x00000060   Code   RO         4069    i.xTimerGenericCommand  timers.o
    0x080034e8   0x080034e8   0x0000000a   Code   RO        33364    x$fpl$fpinit        fz_wm.l(fpinit.o)
    0x080034f2   0x080034f2   0x00000002   PAD
    0x080034f4   0x080034f4   0x0000001c   Data   RO          233    .constdata          freertos.o
    0x08003510   0x08003510   0x00000010   Data   RO         3004    .constdata          system_stm32f4xx.o
    0x08003520   0x08003520   0x00000008   Data   RO         3005    .constdata          system_stm32f4xx.o
    0x08003528   0x08003528   0x0000000c   Data   RO          234    .conststring        freertos.o
    0x08003534   0x08003534   0x00000020   Data   RO        33399    Region$$Table       anon$$obj.o


    Execution Region RW_IRAM1 (Exec base: 0x20000000, Load base: 0x08003554, Size: 0x00004c60, Max: 0x00020000, ABSOLUTE)

    Exec Addr    Load Addr    Size         Type   Attr      Idx    E Section Name        Object

    0x20000000   0x08003554   0x00000010   Data   RW          235    .data               freertos.o
    0x20000010   0x08003564   0x0000000c   Data   RW         2449    .data               stm32f4xx_hal.o
    0x2000001c   0x08003570   0x00000004   Data   RW         3006    .data               system_stm32f4xx.o
    0x20000020   0x08003574   0x0000003c   Data   RW         3791    .data               tasks.o
    0x2000005c   0x080035b0   0x00000014   Data   RW         4075    .data               timers.o
    0x20000070   0x080035c4   0x00000020   Data   RW         4576    .data               heap_4.o
    0x20000090   0x080035e4   0x0000000c   Data   RW         4632    .data               port.o
    0x2000009c        -       0x000006a8   Zero   RW          231    .bss                freertos.o
    0x20000744        -       0x00000058   Zero   RW          313    .bss                spi.o
    0x2000079c        -       0x00000048   Zero   RW          443    .bss                stm32f4xx_hal_timebase_tim.o
    0x200007e4        -       0x00000040   Zero   RW         3444    .bss                queue.o
    0x20000824        -       0x000000f0   Zero   RW         3790    .bss                tasks.o
    0x20000914        -       0x000000e8   Zero   RW         4074    .bss                timers.o
    0x200009fc        -       0x00003c00   Zero   RW         4575    .bss                heap_4.o
    0x200045fc        -       0x00000060   Zero   RW        33288    .bss                c_w.l(libspace.o)
    0x2000465c   0x080035f0   0x00000004   PAD
    0x20004660        -       0x00000200   Zero   RW            2    HEAP                startup_stm32f411xe.o
    0x20004860        -       0x00000400   Zero   RW            1    STACK               startup_stm32f411xe.o


==============================================================================

Image component sizes


      Code (inc. data)   RO Data    RW Data    ZI Data      Debug   Object Name

       120          0          0          0          0      23369   cmsis_os.o
         0          0          0          0          0      20016   event_groups.o
       296         74         40         16       1704       4952   freertos.o
      1314          6          0          0          0       3080   gc9a01.o
        92         12          0          0          0       2074   gc9a01_port.o
       144         12          0          0          0        951   gpio.o
       472         24          0         32      15360       4931   heap_4.o
       138          0          0          0          0       3606   list.o
       194         14          0          0          0     452448   main.o
       786         82          0         12          0      11973   port.o
      1502         20          0          0         64      17468   queue.o
       176         22          0          0         88       1733   spi.o
        64         26        408          0       1536        852   startup_stm32f411xe.o
       116         18          0         12          0       8654   stm32f4xx_hal.o
       158         14          0          0          0      33078   stm32f4xx_hal_cortex.o
       506         34          0          0          0       2861   stm32f4xx_hal_gpio.o
        56          4          0          0          0        890   stm32f4xx_hal_msp.o
      1380         74          0          0          0       5386   stm32f4xx_hal_rcc.o
       842         16          0          0          0       4634   stm32f4xx_hal_spi.o
       672         50          0          0          0       7580   stm32f4xx_hal_tim.o
         4          0          0          0          0       1665   stm32f4xx_hal_tim_ex.o
       140         22          0          0         72       1455   stm32f4xx_hal_timebase_tim.o
        24          6          0          0          0       3340   stm32f4xx_it.o
        16          4         24          4          0       1163   system_stm32f4xx.o
      2104        160          0         60        240      26992   tasks.o
       952         80          0         20        232      30187   timers.o

    ----------------------------------------------------------------------
     12300        774        504        156      19296     675338   Object Totals
         0          0         32          0          0          0   (incl. Generated)
        32          0          0          0          0          0   (incl. Padding)

    ----------------------------------------------------------------------

      Code (inc. data)   RO Data    RW Data    ZI Data      Debug   Library Member Name

         8          0          0          0          0         68   __main.o
         0          0          0          0          0          0   __rtentry.o
        12          0          0          0          0          0   __rtentry2.o
         6          0          0          0          0          0   __rtentry4.o
        52          8          0          0          0          0   __scatter.o
        26          0          0          0          0          0   __scatter_copy.o
        28          0          0          0          0          0   __scatter_zi.o
        18          0          0          0          0         80   exit.o
         6          0          0          0          0        152   heapauxi.o
         0          0          0          0          0          0   indicate_semi.o
         2          0          0          0          0          0   libinit.o
         6          0          0          0          0          0   libinit2.o
         2          0          0          0          0          0   libshutdown.o
         2          0          0          0          0          0   libshutdown2.o
         8          4          0          0         96         68   libspace.o
       238          0          0          0          0        100   lludivv7m.o
        78          0          0          0          0         80   rt_memclr_w.o
       138          0          0          0          0         68   rt_memcpy_v6.o
       100          0          0          0          0         80   rt_memcpy_w.o
         2          0          0          0          0          0   rtexit.o
        10          0          0          0          0          0   rtexit2.o
        12          4          0          0          0         68   sys_exit.o
        74          0          0          0          0         80   sys_stackheap_outer.o
         2          0          0          0          0         68   use_no_semi.o
        10          0          0          0          0        116   fpinit.o

    ----------------------------------------------------------------------
       848         16          0          0        100       1028   Library Totals
         8          0          0          0          4          0   (incl. Padding)

    ----------------------------------------------------------------------

      Code (inc. data)   RO Data    RW Data    ZI Data      Debug   Library Name

       830         16          0          0         96        912   c_w.l
        10          0          0          0          0        116   fz_wm.l

    ----------------------------------------------------------------------
       848         16          0          0        100       1028   Library Totals

    ----------------------------------------------------------------------

==============================================================================


      Code (inc. data)   RO Data    RW Data    ZI Data      Debug   

     13148        790        504        156      19396     664102   Grand Totals
     13148        790        504        156      19396     664102   ELF Image Totals
     13148        790        504        156          0          0   ROM Totals

==============================================================================

    Total RO  Size (Code + RO Data)                13652 (  13.33kB)
    Total RW  Size (RW Data + ZI Data)             19552 (  19.09kB)
    Total ROM Size (Code + RO Data + RW Data)      13808 (  13.48kB)

==============================================================================

